
> react-front@0.1.0 test
> react-scripts test

node.exe : [baseline-b
rowser-mapping] The 
data in this module 
is over two months 
old.  To ensure 
accurate Baseline 
data, please update: 
`npm i baseline-browse
r-mapping@latest -D`
Au caractère 
C:\Program Files\nodej
s\npm.ps1:29 : 3
+   & $NODE_EXE 
$NPM_CLI_JS $args
+   ~~~~~~~~~~~~~~~~~~
~~~~~~~~~~~
    + CategoryInfo    
          : NotSpeci  
  fied: ([baseline-   
 brows...ping@late    
st -D`:String) []    
, RemoteException
    + FullyQualifiedE 
   rrorId : NativeCo  
  mmandError
 
FAIL src/App.test.tsx
  ├ù renders without 
crashing (20 ms)

  ÔùÅ renders without 
crashing

    useAuth must be 
used within an 
AuthProvider

    [0m [90m 45 
|[39m 
[36mexport[39m 
[36mconst[39m 
useAuth [33m=[39m 
() [33m=>[39m {
     [90m 46 |[39m  
 [36mconst[39m 
context [33m=[39m us
eContext([33mAuthCont
ext[39m)[33m;[39m
    [31m[1m>[22m[3
9m[90m 47 |[39m   
[36mif[39m 
([33m![39mcontext) 
[36mthrow[39m 
[36mnew[39m [33mErr
or[39m([32m"useAuth 
must be used within 
an AuthProvider"[39m)
[33m;[39m
     [90m    |[39m  
                     
[31m[1m^[22m[39m
     [90m 48 |[39m  
 [36mreturn[39m 
context[33m;[39m
     [90m 49 |[39m 
}[33m;[39m
     [90m 50 
|[39m[0m

      at useAuth (src/
context/AuthContext.ts
x:47:23)
      at AppRoutes (sr
c/routes/AppRoutes.tsx
:22:27)
      at Object.react_
stack_bottom_frame (no
de_modules/react-dom/c
js/react-dom-client.de
velopment.js:25904:20)
      at 
renderWithHooks (node_
modules/react-dom/cjs/
react-dom-client.devel
opment.js:7662:22)
      at updateFunctio
nComponent (node_modul
es/react-dom/cjs/react
-dom-client.developmen
t.js:10166:19)
      at beginWork (no
de_modules/react-dom/c
js/react-dom-client.de
velopment.js:11778:18)
      at 
runWithFiberInDEV (nod
e_modules/react-dom/cj
s/react-dom-client.dev
elopment.js:874:13)
      at 
performUnitOfWork (nod
e_modules/react-dom/cj
s/react-dom-client.dev
elopment.js:17641:22)
      at workLoopSync 
(node_modules/react-do
m/cjs/react-dom-client
.development.js:17469:
41)
      at 
renderRootSync (node_m
odules/react-dom/cjs/r
eact-dom-client.develo
pment.js:17450:11)
      at 
performWorkOnRoot (nod
e_modules/react-dom/cj
s/react-dom-client.dev
elopment.js:16583:35)
      at performWorkOn
RootViaSchedulerTask (
node_modules/react-dom
/cjs/react-dom-client.
development.js:18957:7
)
      at 
flushActQueue (node_mo
dules/react/cjs/react.
development.js:590:34)
      at Object.<anony
mous>.process.env.NODE
_ENV.exports.act (node
_modules/react/cjs/rea
ct.development.js:884:
10)
      at node_modules/
@testing-library/react
/dist/act-compat.js:47
:25
      at renderRoot (n
ode_modules/@testing-l
ibrary/react/dist/pure
.js:190:26)
      at render (node_
modules/@testing-libra
ry/react/dist/pure.js:
292:10)
      at 
Object.<anonymous> 
(src/App.test.tsx:6:9)
      at TestScheduler
.scheduleTests (node_m
odules/@jest/core/buil
d/TestScheduler.js:333
:13)
      at runJest (node
_modules/@jest/core/bu
ild/runJest.js:404:19)
      at _run10000 (no
de_modules/@jest/core/
build/cli/index.js:320
:7)
      at runCLI (node_
modules/@jest/core/bui
ld/cli/index.js:173:3)

Test Suites: 1 
failed, 1 total
Tests:       1 
failed, 1 total
Snapshots:   0 total
Time:        1.001 s
Ran all test suites.
