============================= test session starts =============================
platform win32 -- Python 3.11.9, pytest-9.0.2, pluggy-1.6.0 -- C:\Users\scawward\AppData\Local\Microsoft\WindowsApps\PythonSoftwareFoundation.Python.3.11_qbz5n2kfra8p0\python.exe
cachedir: .pytest_cache
django: version: 5.2.7, settings: api.settings (from env)
rootdir: C:\Users\scawward\OneDrive\Bureau\Epitime\backend
configfile: pyproject.toml
plugins: django-4.11.1
collecting ... collected 18 items

users/tests/test_auth.py::TestAuth::test_register_user ERROR             [  5%]
users/tests/test_auth.py::TestAuth::test_register_duplicate_email ERROR  [ 11%]
users/tests/test_auth.py::TestAuth::test_login_success ERROR             [ 16%]
users/tests/test_auth.py::TestAuth::test_login_invalid_credentials ERROR [ 22%]
users/tests/test_auth.py::TestAuth::test_change_password ERROR           [ 27%]
users/tests/test_auth.py::TestAuth::test_delete_account ERROR            [ 33%]
users/tests/test_clock.py::TestClock::test_clock_in ERROR                [ 38%]
users/tests/test_clock.py::TestClock::test_clock_in_twice_fails ERROR    [ 44%]
users/tests/test_clock.py::TestClock::test_clock_out ERROR               [ 50%]
users/tests/test_clock.py::TestClock::test_clock_out_without_clock_in ERROR [ 55%]
users/tests/test_clock.py::TestClock::test_list_time_entries ERROR       [ 61%]
users/tests/test_tasks.py::TestTasks::test_create_task_self ERROR        [ 66%]
users/tests/test_tasks.py::TestTasks::test_manager_assign_task ERROR     [ 72%]
users/tests/test_tasks.py::TestTasks::test_list_tasks ERROR              [ 77%]
users/tests/test_team.py::TestTeam::test_manager_access_denied_for_user ERROR [ 83%]
users/tests/test_team.py::TestTeam::test_manager_can_list_team ERROR     [ 88%]
users/tests/test_team.py::TestTeam::test_assign_manager_self ERROR       [ 94%]
users/tests/test_team.py::TestTeam::test_set_status ERROR                [100%]

=================================== ERRORS ====================================
________________ ERROR at setup of TestAuth.test_register_user ________________
..\..\..\..\AppData\Local\Packages\PythonSoftwareFoundation.Python.3.11_qbz5n2kfra8p0\LocalCache\local-packages\Python311\site-packages\django\db\backends\base\base.py:279: in ensure_connection
    self.connect()
..\..\..\..\AppData\Local\Packages\PythonSoftwareFoundation.Python.3.11_qbz5n2kfra8p0\LocalCache\local-packages\Python311\site-packages\django\utils\asyncio.py:26: in inner
    return func(*args, **kwargs)
           ^^^^^^^^^^^^^^^^^^^^^
..\..\..\..\AppData\Local\Packages\PythonSoftwareFoundation.Python.3.11_qbz5n2kfra8p0\LocalCache\local-packages\Python311\site-packages\django\db\backends\base\base.py:256: in connect
    self.connection = self.get_new_connection(conn_params)
                      ^^^^^^^^^^^^^^^^^^^^^^^^^^^^^^^^^^^^
..\..\..\..\AppData\Local\Packages\PythonSoftwareFoundation.Python.3.11_qbz5n2kfra8p0\LocalCache\local-packages\Python311\site-packages\django\utils\asyncio.py:26: in inner
    return func(*args, **kwargs)
           ^^^^^^^^^^^^^^^^^^^^^
..\..\..\..\AppData\Local\Packages\PythonSoftwareFoundation.Python.3.11_qbz5n2kfra8p0\LocalCache\local-packages\Python311\site-packages\django\db\backends\mysql\base.py:256: in get_new_connection
    connection = Database.connect(**conn_params)
                 ^^^^^^^^^^^^^^^^^^^^^^^^^^^^^^^
..\..\..\..\AppData\Local\Packages\PythonSoftwareFoundation.Python.3.11_qbz5n2kfra8p0\LocalCache\local-packages\Python311\site-packages\MySQLdb\__init__.py:121: in Connect
    return Connection(*args, **kwargs)
           ^^^^^^^^^^^^^^^^^^^^^^^^^^^
..\..\..\..\AppData\Local\Packages\PythonSoftwareFoundation.Python.3.11_qbz5n2kfra8p0\LocalCache\local-packages\Python311\site-packages\MySQLdb\connections.py:200: in __init__
    super().__init__(*args, **kwargs2)
E   MySQLdb.OperationalError: (2005, "Unknown server host 'db' (11001)")

The above exception was the direct cause of the following exception:
..\..\..\..\AppData\Local\Packages\PythonSoftwareFoundation.Python.3.11_qbz5n2kfra8p0\LocalCache\local-packages\Python311\site-packages\pytest_django\plugin.py:552: in _django_db_marker
    request.getfixturevalue("_django_db_helper")
..\..\..\..\AppData\Local\Packages\PythonSoftwareFoundation.Python.3.11_qbz5n2kfra8p0\LocalCache\local-packages\Python311\site-packages\pytest_django\fixtures.py:198: in django_db_setup
    db_cfg = setup_databases(
..\..\..\..\AppData\Local\Packages\PythonSoftwareFoundation.Python.3.11_qbz5n2kfra8p0\LocalCache\local-packages\Python311\site-packages\django\test\utils.py:204: in setup_databases
    connection.creation.create_test_db(
..\..\..\..\AppData\Local\Packages\PythonSoftwareFoundation.Python.3.11_qbz5n2kfra8p0\LocalCache\local-packages\Python311\site-packages\django\db\backends\base\creation.py:62: in create_test_db
    self._create_test_db(verbosity, autoclobber, keepdb)
..\..\..\..\AppData\Local\Packages\PythonSoftwareFoundation.Python.3.11_qbz5n2kfra8p0\LocalCache\local-packages\Python311\site-packages\django\db\backends\base\creation.py:202: in _create_test_db
    with self._nodb_cursor() as cursor:
C:\Program Files\WindowsApps\PythonSoftwareFoundation.Python.3.11_3.11.2544.0_x64__qbz5n2kfra8p0\Lib\contextlib.py:137: in __enter__
    return next(self.gen)
           ^^^^^^^^^^^^^^
..\..\..\..\AppData\Local\Packages\PythonSoftwareFoundation.Python.3.11_qbz5n2kfra8p0\LocalCache\local-packages\Python311\site-packages\django\db\backends\base\base.py:712: in _nodb_cursor
    with conn.cursor() as cursor:
         ^^^^^^^^^^^^^
..\..\..\..\AppData\Local\Packages\PythonSoftwareFoundation.Python.3.11_qbz5n2kfra8p0\LocalCache\local-packages\Python311\site-packages\django\utils\asyncio.py:26: in inner
    return func(*args, **kwargs)
           ^^^^^^^^^^^^^^^^^^^^^
..\..\..\..\AppData\Local\Packages\PythonSoftwareFoundation.Python.3.11_qbz5n2kfra8p0\LocalCache\local-packages\Python311\site-packages\django\db\backends\base\base.py:320: in cursor
    return self._cursor()
           ^^^^^^^^^^^^^^
..\..\..\..\AppData\Local\Packages\PythonSoftwareFoundation.Python.3.11_qbz5n2kfra8p0\LocalCache\local-packages\Python311\site-packages\django\db\backends\base\base.py:296: in _cursor
    self.ensure_connection()
..\..\..\..\AppData\Local\Packages\PythonSoftwareFoundation.Python.3.11_qbz5n2kfra8p0\LocalCache\local-packages\Python311\site-packages\django\utils\asyncio.py:26: in inner
    return func(*args, **kwargs)
           ^^^^^^^^^^^^^^^^^^^^^
..\..\..\..\AppData\Local\Packages\PythonSoftwareFoundation.Python.3.11_qbz5n2kfra8p0\LocalCache\local-packages\Python311\site-packages\django\db\backends\base\base.py:278: in ensure_connection
    with self.wrap_database_errors:
..\..\..\..\AppData\Local\Packages\PythonSoftwareFoundation.Python.3.11_qbz5n2kfra8p0\LocalCache\local-packages\Python311\site-packages\django\db\utils.py:91: in __exit__
    raise dj_exc_value.with_traceback(traceback) from exc_value
..\..\..\..\AppData\Local\Packages\PythonSoftwareFoundation.Python.3.11_qbz5n2kfra8p0\LocalCache\local-packages\Python311\site-packages\django\db\backends\base\base.py:279: in ensure_connection
    self.connect()
..\..\..\..\AppData\Local\Packages\PythonSoftwareFoundation.Python.3.11_qbz5n2kfra8p0\LocalCache\local-packages\Python311\site-packages\django\utils\asyncio.py:26: in inner
    return func(*args, **kwargs)
           ^^^^^^^^^^^^^^^^^^^^^
..\..\..\..\AppData\Local\Packages\PythonSoftwareFoundation.Python.3.11_qbz5n2kfra8p0\LocalCache\local-packages\Python311\site-packages\django\db\backends\base\base.py:256: in connect
    self.connection = self.get_new_connection(conn_params)
                      ^^^^^^^^^^^^^^^^^^^^^^^^^^^^^^^^^^^^
..\..\..\..\AppData\Local\Packages\PythonSoftwareFoundation.Python.3.11_qbz5n2kfra8p0\LocalCache\local-packages\Python311\site-packages\django\utils\asyncio.py:26: in inner
    return func(*args, **kwargs)
           ^^^^^^^^^^^^^^^^^^^^^
..\..\..\..\AppData\Local\Packages\PythonSoftwareFoundation.Python.3.11_qbz5n2kfra8p0\LocalCache\local-packages\Python311\site-packages\django\db\backends\mysql\base.py:256: in get_new_connection
    connection = Database.connect(**conn_params)
                 ^^^^^^^^^^^^^^^^^^^^^^^^^^^^^^^
..\..\..\..\AppData\Local\Packages\PythonSoftwareFoundation.Python.3.11_qbz5n2kfra8p0\LocalCache\local-packages\Python311\site-packages\MySQLdb\__init__.py:121: in Connect
    return Connection(*args, **kwargs)
           ^^^^^^^^^^^^^^^^^^^^^^^^^^^
..\..\..\..\AppData\Local\Packages\PythonSoftwareFoundation.Python.3.11_qbz5n2kfra8p0\LocalCache\local-packages\Python311\site-packages\MySQLdb\connections.py:200: in __init__
    super().__init__(*args, **kwargs2)
E   django.db.utils.OperationalError: (2005, "Unknown server host 'db' (11001)")
---------------------------- Captured stderr setup ----------------------------
Creating test database for alias 'default'...

__________ ERROR at setup of TestAuth.test_register_duplicate_email ___________
..\..\..\..\AppData\Local\Packages\PythonSoftwareFoundation.Python.3.11_qbz5n2kfra8p0\LocalCache\local-packages\Python311\site-packages\django\db\backends\base\base.py:279: in ensure_connection
    self.connect()
..\..\..\..\AppData\Local\Packages\PythonSoftwareFoundation.Python.3.11_qbz5n2kfra8p0\LocalCache\local-packages\Python311\site-packages\django\utils\asyncio.py:26: in inner
    return func(*args, **kwargs)
           ^^^^^^^^^^^^^^^^^^^^^
..\..\..\..\AppData\Local\Packages\PythonSoftwareFoundation.Python.3.11_qbz5n2kfra8p0\LocalCache\local-packages\Python311\site-packages\django\db\backends\base\base.py:256: in connect
    self.connection = self.get_new_connection(conn_params)
                      ^^^^^^^^^^^^^^^^^^^^^^^^^^^^^^^^^^^^
..\..\..\..\AppData\Local\Packages\PythonSoftwareFoundation.Python.3.11_qbz5n2kfra8p0\LocalCache\local-packages\Python311\site-packages\django\utils\asyncio.py:26: in inner
    return func(*args, **kwargs)
           ^^^^^^^^^^^^^^^^^^^^^
..\..\..\..\AppData\Local\Packages\PythonSoftwareFoundation.Python.3.11_qbz5n2kfra8p0\LocalCache\local-packages\Python311\site-packages\django\db\backends\mysql\base.py:256: in get_new_connection
    connection = Database.connect(**conn_params)
                 ^^^^^^^^^^^^^^^^^^^^^^^^^^^^^^^
..\..\..\..\AppData\Local\Packages\PythonSoftwareFoundation.Python.3.11_qbz5n2kfra8p0\LocalCache\local-packages\Python311\site-packages\MySQLdb\__init__.py:121: in Connect
    return Connection(*args, **kwargs)
           ^^^^^^^^^^^^^^^^^^^^^^^^^^^
..\..\..\..\AppData\Local\Packages\PythonSoftwareFoundation.Python.3.11_qbz5n2kfra8p0\LocalCache\local-packages\Python311\site-packages\MySQLdb\connections.py:200: in __init__
    super().__init__(*args, **kwargs2)
E   MySQLdb.OperationalError: (2005, "Unknown server host 'db' (11001)")

The above exception was the direct cause of the following exception:
..\..\..\..\AppData\Local\Packages\PythonSoftwareFoundation.Python.3.11_qbz5n2kfra8p0\LocalCache\local-packages\Python311\site-packages\pytest_django\plugin.py:552: in _django_db_marker
    request.getfixturevalue("_django_db_helper")
..\..\..\..\AppData\Local\Packages\PythonSoftwareFoundation.Python.3.11_qbz5n2kfra8p0\LocalCache\local-packages\Python311\site-packages\pytest_django\fixtures.py:198: in django_db_setup
    db_cfg = setup_databases(
..\..\..\..\AppData\Local\Packages\PythonSoftwareFoundation.Python.3.11_qbz5n2kfra8p0\LocalCache\local-packages\Python311\site-packages\django\test\utils.py:204: in setup_databases
    connection.creation.create_test_db(
..\..\..\..\AppData\Local\Packages\PythonSoftwareFoundation.Python.3.11_qbz5n2kfra8p0\LocalCache\local-packages\Python311\site-packages\django\db\backends\base\creation.py:62: in create_test_db
    self._create_test_db(verbosity, autoclobber, keepdb)
..\..\..\..\AppData\Local\Packages\PythonSoftwareFoundation.Python.3.11_qbz5n2kfra8p0\LocalCache\local-packages\Python311\site-packages\django\db\backends\base\creation.py:202: in _create_test_db
    with self._nodb_cursor() as cursor:
C:\Program Files\WindowsApps\PythonSoftwareFoundation.Python.3.11_3.11.2544.0_x64__qbz5n2kfra8p0\Lib\contextlib.py:137: in __enter__
    return next(self.gen)
           ^^^^^^^^^^^^^^
..\..\..\..\AppData\Local\Packages\PythonSoftwareFoundation.Python.3.11_qbz5n2kfra8p0\LocalCache\local-packages\Python311\site-packages\django\db\backends\base\base.py:712: in _nodb_cursor
    with conn.cursor() as cursor:
         ^^^^^^^^^^^^^
..\..\..\..\AppData\Local\Packages\PythonSoftwareFoundation.Python.3.11_qbz5n2kfra8p0\LocalCache\local-packages\Python311\site-packages\django\utils\asyncio.py:26: in inner
    return func(*args, **kwargs)
           ^^^^^^^^^^^^^^^^^^^^^
..\..\..\..\AppData\Local\Packages\PythonSoftwareFoundation.Python.3.11_qbz5n2kfra8p0\LocalCache\local-packages\Python311\site-packages\django\db\backends\base\base.py:320: in cursor
    return self._cursor()
           ^^^^^^^^^^^^^^
..\..\..\..\AppData\Local\Packages\PythonSoftwareFoundation.Python.3.11_qbz5n2kfra8p0\LocalCache\local-packages\Python311\site-packages\django\db\backends\base\base.py:296: in _cursor
    self.ensure_connection()
..\..\..\..\AppData\Local\Packages\PythonSoftwareFoundation.Python.3.11_qbz5n2kfra8p0\LocalCache\local-packages\Python311\site-packages\django\utils\asyncio.py:26: in inner
    return func(*args, **kwargs)
           ^^^^^^^^^^^^^^^^^^^^^
..\..\..\..\AppData\Local\Packages\PythonSoftwareFoundation.Python.3.11_qbz5n2kfra8p0\LocalCache\local-packages\Python311\site-packages\django\db\backends\base\base.py:278: in ensure_connection
    with self.wrap_database_errors:
..\..\..\..\AppData\Local\Packages\PythonSoftwareFoundation.Python.3.11_qbz5n2kfra8p0\LocalCache\local-packages\Python311\site-packages\django\db\utils.py:91: in __exit__
    raise dj_exc_value.with_traceback(traceback) from exc_value
..\..\..\..\AppData\Local\Packages\PythonSoftwareFoundation.Python.3.11_qbz5n2kfra8p0\LocalCache\local-packages\Python311\site-packages\django\db\backends\base\base.py:279: in ensure_connection
    self.connect()
..\..\..\..\AppData\Local\Packages\PythonSoftwareFoundation.Python.3.11_qbz5n2kfra8p0\LocalCache\local-packages\Python311\site-packages\django\utils\asyncio.py:26: in inner
    return func(*args, **kwargs)
           ^^^^^^^^^^^^^^^^^^^^^
..\..\..\..\AppData\Local\Packages\PythonSoftwareFoundation.Python.3.11_qbz5n2kfra8p0\LocalCache\local-packages\Python311\site-packages\django\db\backends\base\base.py:256: in connect
    self.connection = self.get_new_connection(conn_params)
                      ^^^^^^^^^^^^^^^^^^^^^^^^^^^^^^^^^^^^
..\..\..\..\AppData\Local\Packages\PythonSoftwareFoundation.Python.3.11_qbz5n2kfra8p0\LocalCache\local-packages\Python311\site-packages\django\utils\asyncio.py:26: in inner
    return func(*args, **kwargs)
           ^^^^^^^^^^^^^^^^^^^^^
..\..\..\..\AppData\Local\Packages\PythonSoftwareFoundation.Python.3.11_qbz5n2kfra8p0\LocalCache\local-packages\Python311\site-packages\django\db\backends\mysql\base.py:256: in get_new_connection
    connection = Database.connect(**conn_params)
                 ^^^^^^^^^^^^^^^^^^^^^^^^^^^^^^^
..\..\..\..\AppData\Local\Packages\PythonSoftwareFoundation.Python.3.11_qbz5n2kfra8p0\LocalCache\local-packages\Python311\site-packages\MySQLdb\__init__.py:121: in Connect
    return Connection(*args, **kwargs)
           ^^^^^^^^^^^^^^^^^^^^^^^^^^^
..\..\..\..\AppData\Local\Packages\PythonSoftwareFoundation.Python.3.11_qbz5n2kfra8p0\LocalCache\local-packages\Python311\site-packages\MySQLdb\connections.py:200: in __init__
    super().__init__(*args, **kwargs2)
E   django.db.utils.OperationalError: (2005, "Unknown server host 'db' (11001)")
________________ ERROR at setup of TestAuth.test_login_success ________________
..\..\..\..\AppData\Local\Packages\PythonSoftwareFoundation.Python.3.11_qbz5n2kfra8p0\LocalCache\local-packages\Python311\site-packages\django\db\backends\base\base.py:279: in ensure_connection
    self.connect()
..\..\..\..\AppData\Local\Packages\PythonSoftwareFoundation.Python.3.11_qbz5n2kfra8p0\LocalCache\local-packages\Python311\site-packages\django\utils\asyncio.py:26: in inner
    return func(*args, **kwargs)
           ^^^^^^^^^^^^^^^^^^^^^
..\..\..\..\AppData\Local\Packages\PythonSoftwareFoundation.Python.3.11_qbz5n2kfra8p0\LocalCache\local-packages\Python311\site-packages\django\db\backends\base\base.py:256: in connect
    self.connection = self.get_new_connection(conn_params)
                      ^^^^^^^^^^^^^^^^^^^^^^^^^^^^^^^^^^^^
..\..\..\..\AppData\Local\Packages\PythonSoftwareFoundation.Python.3.11_qbz5n2kfra8p0\LocalCache\local-packages\Python311\site-packages\django\utils\asyncio.py:26: in inner
    return func(*args, **kwargs)
           ^^^^^^^^^^^^^^^^^^^^^
..\..\..\..\AppData\Local\Packages\PythonSoftwareFoundation.Python.3.11_qbz5n2kfra8p0\LocalCache\local-packages\Python311\site-packages\django\db\backends\mysql\base.py:256: in get_new_connection
    connection = Database.connect(**conn_params)
                 ^^^^^^^^^^^^^^^^^^^^^^^^^^^^^^^
..\..\..\..\AppData\Local\Packages\PythonSoftwareFoundation.Python.3.11_qbz5n2kfra8p0\LocalCache\local-packages\Python311\site-packages\MySQLdb\__init__.py:121: in Connect
    return Connection(*args, **kwargs)
           ^^^^^^^^^^^^^^^^^^^^^^^^^^^
..\..\..\..\AppData\Local\Packages\PythonSoftwareFoundation.Python.3.11_qbz5n2kfra8p0\LocalCache\local-packages\Python311\site-packages\MySQLdb\connections.py:200: in __init__
    super().__init__(*args, **kwargs2)
E   MySQLdb.OperationalError: (2005, "Unknown server host 'db' (11001)")

The above exception was the direct cause of the following exception:
..\..\..\..\AppData\Local\Packages\PythonSoftwareFoundation.Python.3.11_qbz5n2kfra8p0\LocalCache\local-packages\Python311\site-packages\pytest_django\plugin.py:552: in _django_db_marker
    request.getfixturevalue("_django_db_helper")
..\..\..\..\AppData\Local\Packages\PythonSoftwareFoundation.Python.3.11_qbz5n2kfra8p0\LocalCache\local-packages\Python311\site-packages\pytest_django\fixtures.py:198: in django_db_setup
    db_cfg = setup_databases(
..\..\..\..\AppData\Local\Packages\PythonSoftwareFoundation.Python.3.11_qbz5n2kfra8p0\LocalCache\local-packages\Python311\site-packages\django\test\utils.py:204: in setup_databases
    connection.creation.create_test_db(
..\..\..\..\AppData\Local\Packages\PythonSoftwareFoundation.Python.3.11_qbz5n2kfra8p0\LocalCache\local-packages\Python311\site-packages\django\db\backends\base\creation.py:62: in create_test_db
    self._create_test_db(verbosity, autoclobber, keepdb)
..\..\..\..\AppData\Local\Packages\PythonSoftwareFoundation.Python.3.11_qbz5n2kfra8p0\LocalCache\local-packages\Python311\site-packages\django\db\backends\base\creation.py:202: in _create_test_db
    with self._nodb_cursor() as cursor:
C:\Program Files\WindowsApps\PythonSoftwareFoundation.Python.3.11_3.11.2544.0_x64__qbz5n2kfra8p0\Lib\contextlib.py:137: in __enter__
    return next(self.gen)
           ^^^^^^^^^^^^^^
..\..\..\..\AppData\Local\Packages\PythonSoftwareFoundation.Python.3.11_qbz5n2kfra8p0\LocalCache\local-packages\Python311\site-packages\django\db\backends\base\base.py:712: in _nodb_cursor
    with conn.cursor() as cursor:
         ^^^^^^^^^^^^^
..\..\..\..\AppData\Local\Packages\PythonSoftwareFoundation.Python.3.11_qbz5n2kfra8p0\LocalCache\local-packages\Python311\site-packages\django\utils\asyncio.py:26: in inner
    return func(*args, **kwargs)
           ^^^^^^^^^^^^^^^^^^^^^
..\..\..\..\AppData\Local\Packages\PythonSoftwareFoundation.Python.3.11_qbz5n2kfra8p0\LocalCache\local-packages\Python311\site-packages\django\db\backends\base\base.py:320: in cursor
    return self._cursor()
           ^^^^^^^^^^^^^^
..\..\..\..\AppData\Local\Packages\PythonSoftwareFoundation.Python.3.11_qbz5n2kfra8p0\LocalCache\local-packages\Python311\site-packages\django\db\backends\base\base.py:296: in _cursor
    self.ensure_connection()
..\..\..\..\AppData\Local\Packages\PythonSoftwareFoundation.Python.3.11_qbz5n2kfra8p0\LocalCache\local-packages\Python311\site-packages\django\utils\asyncio.py:26: in inner
    return func(*args, **kwargs)
           ^^^^^^^^^^^^^^^^^^^^^
..\..\..\..\AppData\Local\Packages\PythonSoftwareFoundation.Python.3.11_qbz5n2kfra8p0\LocalCache\local-packages\Python311\site-packages\django\db\backends\base\base.py:278: in ensure_connection
    with self.wrap_database_errors:
..\..\..\..\AppData\Local\Packages\PythonSoftwareFoundation.Python.3.11_qbz5n2kfra8p0\LocalCache\local-packages\Python311\site-packages\django\db\utils.py:91: in __exit__
    raise dj_exc_value.with_traceback(traceback) from exc_value
..\..\..\..\AppData\Local\Packages\PythonSoftwareFoundation.Python.3.11_qbz5n2kfra8p0\LocalCache\local-packages\Python311\site-packages\django\db\backends\base\base.py:279: in ensure_connection
    self.connect()
..\..\..\..\AppData\Local\Packages\PythonSoftwareFoundation.Python.3.11_qbz5n2kfra8p0\LocalCache\local-packages\Python311\site-packages\django\utils\asyncio.py:26: in inner
    return func(*args, **kwargs)
           ^^^^^^^^^^^^^^^^^^^^^
..\..\..\..\AppData\Local\Packages\PythonSoftwareFoundation.Python.3.11_qbz5n2kfra8p0\LocalCache\local-packages\Python311\site-packages\django\db\backends\base\base.py:256: in connect
    self.connection = self.get_new_connection(conn_params)
                      ^^^^^^^^^^^^^^^^^^^^^^^^^^^^^^^^^^^^
..\..\..\..\AppData\Local\Packages\PythonSoftwareFoundation.Python.3.11_qbz5n2kfra8p0\LocalCache\local-packages\Python311\site-packages\django\utils\asyncio.py:26: in inner
    return func(*args, **kwargs)
           ^^^^^^^^^^^^^^^^^^^^^
..\..\..\..\AppData\Local\Packages\PythonSoftwareFoundation.Python.3.11_qbz5n2kfra8p0\LocalCache\local-packages\Python311\site-packages\django\db\backends\mysql\base.py:256: in get_new_connection
    connection = Database.connect(**conn_params)
                 ^^^^^^^^^^^^^^^^^^^^^^^^^^^^^^^
..\..\..\..\AppData\Local\Packages\PythonSoftwareFoundation.Python.3.11_qbz5n2kfra8p0\LocalCache\local-packages\Python311\site-packages\MySQLdb\__init__.py:121: in Connect
    return Connection(*args, **kwargs)
           ^^^^^^^^^^^^^^^^^^^^^^^^^^^
..\..\..\..\AppData\Local\Packages\PythonSoftwareFoundation.Python.3.11_qbz5n2kfra8p0\LocalCache\local-packages\Python311\site-packages\MySQLdb\connections.py:200: in __init__
    super().__init__(*args, **kwargs2)
E   django.db.utils.OperationalError: (2005, "Unknown server host 'db' (11001)")
__________ ERROR at setup of TestAuth.test_login_invalid_credentials __________
..\..\..\..\AppData\Local\Packages\PythonSoftwareFoundation.Python.3.11_qbz5n2kfra8p0\LocalCache\local-packages\Python311\site-packages\django\db\backends\base\base.py:279: in ensure_connection
    self.connect()
..\..\..\..\AppData\Local\Packages\PythonSoftwareFoundation.Python.3.11_qbz5n2kfra8p0\LocalCache\local-packages\Python311\site-packages\django\utils\asyncio.py:26: in inner
    return func(*args, **kwargs)
           ^^^^^^^^^^^^^^^^^^^^^
..\..\..\..\AppData\Local\Packages\PythonSoftwareFoundation.Python.3.11_qbz5n2kfra8p0\LocalCache\local-packages\Python311\site-packages\django\db\backends\base\base.py:256: in connect
    self.connection = self.get_new_connection(conn_params)
                      ^^^^^^^^^^^^^^^^^^^^^^^^^^^^^^^^^^^^
..\..\..\..\AppData\Local\Packages\PythonSoftwareFoundation.Python.3.11_qbz5n2kfra8p0\LocalCache\local-packages\Python311\site-packages\django\utils\asyncio.py:26: in inner
    return func(*args, **kwargs)
           ^^^^^^^^^^^^^^^^^^^^^
..\..\..\..\AppData\Local\Packages\PythonSoftwareFoundation.Python.3.11_qbz5n2kfra8p0\LocalCache\local-packages\Python311\site-packages\django\db\backends\mysql\base.py:256: in get_new_connection
    connection = Database.connect(**conn_params)
                 ^^^^^^^^^^^^^^^^^^^^^^^^^^^^^^^
..\..\..\..\AppData\Local\Packages\PythonSoftwareFoundation.Python.3.11_qbz5n2kfra8p0\LocalCache\local-packages\Python311\site-packages\MySQLdb\__init__.py:121: in Connect
    return Connection(*args, **kwargs)
           ^^^^^^^^^^^^^^^^^^^^^^^^^^^
..\..\..\..\AppData\Local\Packages\PythonSoftwareFoundation.Python.3.11_qbz5n2kfra8p0\LocalCache\local-packages\Python311\site-packages\MySQLdb\connections.py:200: in __init__
    super().__init__(*args, **kwargs2)
E   MySQLdb.OperationalError: (2005, "Unknown server host 'db' (11001)")

The above exception was the direct cause of the following exception:
..\..\..\..\AppData\Local\Packages\PythonSoftwareFoundation.Python.3.11_qbz5n2kfra8p0\LocalCache\local-packages\Python311\site-packages\pytest_django\plugin.py:552: in _django_db_marker
    request.getfixturevalue("_django_db_helper")
..\..\..\..\AppData\Local\Packages\PythonSoftwareFoundation.Python.3.11_qbz5n2kfra8p0\LocalCache\local-packages\Python311\site-packages\pytest_django\fixtures.py:198: in django_db_setup
    db_cfg = setup_databases(
..\..\..\..\AppData\Local\Packages\PythonSoftwareFoundation.Python.3.11_qbz5n2kfra8p0\LocalCache\local-packages\Python311\site-packages\django\test\utils.py:204: in setup_databases
    connection.creation.create_test_db(
..\..\..\..\AppData\Local\Packages\PythonSoftwareFoundation.Python.3.11_qbz5n2kfra8p0\LocalCache\local-packages\Python311\site-packages\django\db\backends\base\creation.py:62: in create_test_db
    self._create_test_db(verbosity, autoclobber, keepdb)
..\..\..\..\AppData\Local\Packages\PythonSoftwareFoundation.Python.3.11_qbz5n2kfra8p0\LocalCache\local-packages\Python311\site-packages\django\db\backends\base\creation.py:202: in _create_test_db
    with self._nodb_cursor() as cursor:
C:\Program Files\WindowsApps\PythonSoftwareFoundation.Python.3.11_3.11.2544.0_x64__qbz5n2kfra8p0\Lib\contextlib.py:137: in __enter__
    return next(self.gen)
           ^^^^^^^^^^^^^^
..\..\..\..\AppData\Local\Packages\PythonSoftwareFoundation.Python.3.11_qbz5n2kfra8p0\LocalCache\local-packages\Python311\site-packages\django\db\backends\base\base.py:712: in _nodb_cursor
    with conn.cursor() as cursor:
         ^^^^^^^^^^^^^
..\..\..\..\AppData\Local\Packages\PythonSoftwareFoundation.Python.3.11_qbz5n2kfra8p0\LocalCache\local-packages\Python311\site-packages\django\utils\asyncio.py:26: in inner
    return func(*args, **kwargs)
           ^^^^^^^^^^^^^^^^^^^^^
..\..\..\..\AppData\Local\Packages\PythonSoftwareFoundation.Python.3.11_qbz5n2kfra8p0\LocalCache\local-packages\Python311\site-packages\django\db\backends\base\base.py:320: in cursor
    return self._cursor()
           ^^^^^^^^^^^^^^
..\..\..\..\AppData\Local\Packages\PythonSoftwareFoundation.Python.3.11_qbz5n2kfra8p0\LocalCache\local-packages\Python311\site-packages\django\db\backends\base\base.py:296: in _cursor
    self.ensure_connection()
..\..\..\..\AppData\Local\Packages\PythonSoftwareFoundation.Python.3.11_qbz5n2kfra8p0\LocalCache\local-packages\Python311\site-packages\django\utils\asyncio.py:26: in inner
    return func(*args, **kwargs)
           ^^^^^^^^^^^^^^^^^^^^^
..\..\..\..\AppData\Local\Packages\PythonSoftwareFoundation.Python.3.11_qbz5n2kfra8p0\LocalCache\local-packages\Python311\site-packages\django\db\backends\base\base.py:278: in ensure_connection
    with self.wrap_database_errors:
..\..\..\..\AppData\Local\Packages\PythonSoftwareFoundation.Python.3.11_qbz5n2kfra8p0\LocalCache\local-packages\Python311\site-packages\django\db\utils.py:91: in __exit__
    raise dj_exc_value.with_traceback(traceback) from exc_value
..\..\..\..\AppData\Local\Packages\PythonSoftwareFoundation.Python.3.11_qbz5n2kfra8p0\LocalCache\local-packages\Python311\site-packages\django\db\backends\base\base.py:279: in ensure_connection
    self.connect()
..\..\..\..\AppData\Local\Packages\PythonSoftwareFoundation.Python.3.11_qbz5n2kfra8p0\LocalCache\local-packages\Python311\site-packages\django\utils\asyncio.py:26: in inner
    return func(*args, **kwargs)
           ^^^^^^^^^^^^^^^^^^^^^
..\..\..\..\AppData\Local\Packages\PythonSoftwareFoundation.Python.3.11_qbz5n2kfra8p0\LocalCache\local-packages\Python311\site-packages\django\db\backends\base\base.py:256: in connect
    self.connection = self.get_new_connection(conn_params)
                      ^^^^^^^^^^^^^^^^^^^^^^^^^^^^^^^^^^^^
..\..\..\..\AppData\Local\Packages\PythonSoftwareFoundation.Python.3.11_qbz5n2kfra8p0\LocalCache\local-packages\Python311\site-packages\django\utils\asyncio.py:26: in inner
    return func(*args, **kwargs)
           ^^^^^^^^^^^^^^^^^^^^^
..\..\..\..\AppData\Local\Packages\PythonSoftwareFoundation.Python.3.11_qbz5n2kfra8p0\LocalCache\local-packages\Python311\site-packages\django\db\backends\mysql\base.py:256: in get_new_connection
    connection = Database.connect(**conn_params)
                 ^^^^^^^^^^^^^^^^^^^^^^^^^^^^^^^
..\..\..\..\AppData\Local\Packages\PythonSoftwareFoundation.Python.3.11_qbz5n2kfra8p0\LocalCache\local-packages\Python311\site-packages\MySQLdb\__init__.py:121: in Connect
    return Connection(*args, **kwargs)
           ^^^^^^^^^^^^^^^^^^^^^^^^^^^
..\..\..\..\AppData\Local\Packages\PythonSoftwareFoundation.Python.3.11_qbz5n2kfra8p0\LocalCache\local-packages\Python311\site-packages\MySQLdb\connections.py:200: in __init__
    super().__init__(*args, **kwargs2)
E   django.db.utils.OperationalError: (2005, "Unknown server host 'db' (11001)")
_______________ ERROR at setup of TestAuth.test_change_password _______________
..\..\..\..\AppData\Local\Packages\PythonSoftwareFoundation.Python.3.11_qbz5n2kfra8p0\LocalCache\local-packages\Python311\site-packages\django\db\backends\base\base.py:279: in ensure_connection
    self.connect()
..\..\..\..\AppData\Local\Packages\PythonSoftwareFoundation.Python.3.11_qbz5n2kfra8p0\LocalCache\local-packages\Python311\site-packages\django\utils\asyncio.py:26: in inner
    return func(*args, **kwargs)
           ^^^^^^^^^^^^^^^^^^^^^
..\..\..\..\AppData\Local\Packages\PythonSoftwareFoundation.Python.3.11_qbz5n2kfra8p0\LocalCache\local-packages\Python311\site-packages\django\db\backends\base\base.py:256: in connect
    self.connection = self.get_new_connection(conn_params)
                      ^^^^^^^^^^^^^^^^^^^^^^^^^^^^^^^^^^^^
..\..\..\..\AppData\Local\Packages\PythonSoftwareFoundation.Python.3.11_qbz5n2kfra8p0\LocalCache\local-packages\Python311\site-packages\django\utils\asyncio.py:26: in inner
    return func(*args, **kwargs)
           ^^^^^^^^^^^^^^^^^^^^^
..\..\..\..\AppData\Local\Packages\PythonSoftwareFoundation.Python.3.11_qbz5n2kfra8p0\LocalCache\local-packages\Python311\site-packages\django\db\backends\mysql\base.py:256: in get_new_connection
    connection = Database.connect(**conn_params)
                 ^^^^^^^^^^^^^^^^^^^^^^^^^^^^^^^
..\..\..\..\AppData\Local\Packages\PythonSoftwareFoundation.Python.3.11_qbz5n2kfra8p0\LocalCache\local-packages\Python311\site-packages\MySQLdb\__init__.py:121: in Connect
    return Connection(*args, **kwargs)
           ^^^^^^^^^^^^^^^^^^^^^^^^^^^
..\..\..\..\AppData\Local\Packages\PythonSoftwareFoundation.Python.3.11_qbz5n2kfra8p0\LocalCache\local-packages\Python311\site-packages\MySQLdb\connections.py:200: in __init__
    super().__init__(*args, **kwargs2)
E   MySQLdb.OperationalError: (2005, "Unknown server host 'db' (11001)")

The above exception was the direct cause of the following exception:
..\..\..\..\AppData\Local\Packages\PythonSoftwareFoundation.Python.3.11_qbz5n2kfra8p0\LocalCache\local-packages\Python311\site-packages\pytest_django\plugin.py:552: in _django_db_marker
    request.getfixturevalue("_django_db_helper")
..\..\..\..\AppData\Local\Packages\PythonSoftwareFoundation.Python.3.11_qbz5n2kfra8p0\LocalCache\local-packages\Python311\site-packages\pytest_django\fixtures.py:198: in django_db_setup
    db_cfg = setup_databases(
..\..\..\..\AppData\Local\Packages\PythonSoftwareFoundation.Python.3.11_qbz5n2kfra8p0\LocalCache\local-packages\Python311\site-packages\django\test\utils.py:204: in setup_databases
    connection.creation.create_test_db(
..\..\..\..\AppData\Local\Packages\PythonSoftwareFoundation.Python.3.11_qbz5n2kfra8p0\LocalCache\local-packages\Python311\site-packages\django\db\backends\base\creation.py:62: in create_test_db
    self._create_test_db(verbosity, autoclobber, keepdb)
..\..\..\..\AppData\Local\Packages\PythonSoftwareFoundation.Python.3.11_qbz5n2kfra8p0\LocalCache\local-packages\Python311\site-packages\django\db\backends\base\creation.py:202: in _create_test_db
    with self._nodb_cursor() as cursor:
C:\Program Files\WindowsApps\PythonSoftwareFoundation.Python.3.11_3.11.2544.0_x64__qbz5n2kfra8p0\Lib\contextlib.py:137: in __enter__
    return next(self.gen)
           ^^^^^^^^^^^^^^
..\..\..\..\AppData\Local\Packages\PythonSoftwareFoundation.Python.3.11_qbz5n2kfra8p0\LocalCache\local-packages\Python311\site-packages\django\db\backends\base\base.py:712: in _nodb_cursor
    with conn.cursor() as cursor:
         ^^^^^^^^^^^^^
..\..\..\..\AppData\Local\Packages\PythonSoftwareFoundation.Python.3.11_qbz5n2kfra8p0\LocalCache\local-packages\Python311\site-packages\django\utils\asyncio.py:26: in inner
    return func(*args, **kwargs)
           ^^^^^^^^^^^^^^^^^^^^^
..\..\..\..\AppData\Local\Packages\PythonSoftwareFoundation.Python.3.11_qbz5n2kfra8p0\LocalCache\local-packages\Python311\site-packages\django\db\backends\base\base.py:320: in cursor
    return self._cursor()
           ^^^^^^^^^^^^^^
..\..\..\..\AppData\Local\Packages\PythonSoftwareFoundation.Python.3.11_qbz5n2kfra8p0\LocalCache\local-packages\Python311\site-packages\django\db\backends\base\base.py:296: in _cursor
    self.ensure_connection()
..\..\..\..\AppData\Local\Packages\PythonSoftwareFoundation.Python.3.11_qbz5n2kfra8p0\LocalCache\local-packages\Python311\site-packages\django\utils\asyncio.py:26: in inner
    return func(*args, **kwargs)
           ^^^^^^^^^^^^^^^^^^^^^
..\..\..\..\AppData\Local\Packages\PythonSoftwareFoundation.Python.3.11_qbz5n2kfra8p0\LocalCache\local-packages\Python311\site-packages\django\db\backends\base\base.py:278: in ensure_connection
    with self.wrap_database_errors:
..\..\..\..\AppData\Local\Packages\PythonSoftwareFoundation.Python.3.11_qbz5n2kfra8p0\LocalCache\local-packages\Python311\site-packages\django\db\utils.py:91: in __exit__
    raise dj_exc_value.with_traceback(traceback) from exc_value
..\..\..\..\AppData\Local\Packages\PythonSoftwareFoundation.Python.3.11_qbz5n2kfra8p0\LocalCache\local-packages\Python311\site-packages\django\db\backends\base\base.py:279: in ensure_connection
    self.connect()
..\..\..\..\AppData\Local\Packages\PythonSoftwareFoundation.Python.3.11_qbz5n2kfra8p0\LocalCache\local-packages\Python311\site-packages\django\utils\asyncio.py:26: in inner
    return func(*args, **kwargs)
           ^^^^^^^^^^^^^^^^^^^^^
..\..\..\..\AppData\Local\Packages\PythonSoftwareFoundation.Python.3.11_qbz5n2kfra8p0\LocalCache\local-packages\Python311\site-packages\django\db\backends\base\base.py:256: in connect
    self.connection = self.get_new_connection(conn_params)
                      ^^^^^^^^^^^^^^^^^^^^^^^^^^^^^^^^^^^^
..\..\..\..\AppData\Local\Packages\PythonSoftwareFoundation.Python.3.11_qbz5n2kfra8p0\LocalCache\local-packages\Python311\site-packages\django\utils\asyncio.py:26: in inner
    return func(*args, **kwargs)
           ^^^^^^^^^^^^^^^^^^^^^
..\..\..\..\AppData\Local\Packages\PythonSoftwareFoundation.Python.3.11_qbz5n2kfra8p0\LocalCache\local-packages\Python311\site-packages\django\db\backends\mysql\base.py:256: in get_new_connection
    connection = Database.connect(**conn_params)
                 ^^^^^^^^^^^^^^^^^^^^^^^^^^^^^^^
..\..\..\..\AppData\Local\Packages\PythonSoftwareFoundation.Python.3.11_qbz5n2kfra8p0\LocalCache\local-packages\Python311\site-packages\MySQLdb\__init__.py:121: in Connect
    return Connection(*args, **kwargs)
           ^^^^^^^^^^^^^^^^^^^^^^^^^^^
..\..\..\..\AppData\Local\Packages\PythonSoftwareFoundation.Python.3.11_qbz5n2kfra8p0\LocalCache\local-packages\Python311\site-packages\MySQLdb\connections.py:200: in __init__
    super().__init__(*args, **kwargs2)
E   django.db.utils.OperationalError: (2005, "Unknown server host 'db' (11001)")
_______________ ERROR at setup of TestAuth.test_delete_account ________________
..\..\..\..\AppData\Local\Packages\PythonSoftwareFoundation.Python.3.11_qbz5n2kfra8p0\LocalCache\local-packages\Python311\site-packages\django\db\backends\base\base.py:279: in ensure_connection
    self.connect()
..\..\..\..\AppData\Local\Packages\PythonSoftwareFoundation.Python.3.11_qbz5n2kfra8p0\LocalCache\local-packages\Python311\site-packages\django\utils\asyncio.py:26: in inner
    return func(*args, **kwargs)
           ^^^^^^^^^^^^^^^^^^^^^
..\..\..\..\AppData\Local\Packages\PythonSoftwareFoundation.Python.3.11_qbz5n2kfra8p0\LocalCache\local-packages\Python311\site-packages\django\db\backends\base\base.py:256: in connect
    self.connection = self.get_new_connection(conn_params)
                      ^^^^^^^^^^^^^^^^^^^^^^^^^^^^^^^^^^^^
..\..\..\..\AppData\Local\Packages\PythonSoftwareFoundation.Python.3.11_qbz5n2kfra8p0\LocalCache\local-packages\Python311\site-packages\django\utils\asyncio.py:26: in inner
    return func(*args, **kwargs)
           ^^^^^^^^^^^^^^^^^^^^^
..\..\..\..\AppData\Local\Packages\PythonSoftwareFoundation.Python.3.11_qbz5n2kfra8p0\LocalCache\local-packages\Python311\site-packages\django\db\backends\mysql\base.py:256: in get_new_connection
    connection = Database.connect(**conn_params)
                 ^^^^^^^^^^^^^^^^^^^^^^^^^^^^^^^
..\..\..\..\AppData\Local\Packages\PythonSoftwareFoundation.Python.3.11_qbz5n2kfra8p0\LocalCache\local-packages\Python311\site-packages\MySQLdb\__init__.py:121: in Connect
    return Connection(*args, **kwargs)
           ^^^^^^^^^^^^^^^^^^^^^^^^^^^
..\..\..\..\AppData\Local\Packages\PythonSoftwareFoundation.Python.3.11_qbz5n2kfra8p0\LocalCache\local-packages\Python311\site-packages\MySQLdb\connections.py:200: in __init__
    super().__init__(*args, **kwargs2)
E   MySQLdb.OperationalError: (2005, "Unknown server host 'db' (11001)")

The above exception was the direct cause of the following exception:
..\..\..\..\AppData\Local\Packages\PythonSoftwareFoundation.Python.3.11_qbz5n2kfra8p0\LocalCache\local-packages\Python311\site-packages\pytest_django\plugin.py:552: in _django_db_marker
    request.getfixturevalue("_django_db_helper")
..\..\..\..\AppData\Local\Packages\PythonSoftwareFoundation.Python.3.11_qbz5n2kfra8p0\LocalCache\local-packages\Python311\site-packages\pytest_django\fixtures.py:198: in django_db_setup
    db_cfg = setup_databases(
..\..\..\..\AppData\Local\Packages\PythonSoftwareFoundation.Python.3.11_qbz5n2kfra8p0\LocalCache\local-packages\Python311\site-packages\django\test\utils.py:204: in setup_databases
    connection.creation.create_test_db(
..\..\..\..\AppData\Local\Packages\PythonSoftwareFoundation.Python.3.11_qbz5n2kfra8p0\LocalCache\local-packages\Python311\site-packages\django\db\backends\base\creation.py:62: in create_test_db
    self._create_test_db(verbosity, autoclobber, keepdb)
..\..\..\..\AppData\Local\Packages\PythonSoftwareFoundation.Python.3.11_qbz5n2kfra8p0\LocalCache\local-packages\Python311\site-packages\django\db\backends\base\creation.py:202: in _create_test_db
    with self._nodb_cursor() as cursor:
C:\Program Files\WindowsApps\PythonSoftwareFoundation.Python.3.11_3.11.2544.0_x64__qbz5n2kfra8p0\Lib\contextlib.py:137: in __enter__
    return next(self.gen)
           ^^^^^^^^^^^^^^
..\..\..\..\AppData\Local\Packages\PythonSoftwareFoundation.Python.3.11_qbz5n2kfra8p0\LocalCache\local-packages\Python311\site-packages\django\db\backends\base\base.py:712: in _nodb_cursor
    with conn.cursor() as cursor:
         ^^^^^^^^^^^^^
..\..\..\..\AppData\Local\Packages\PythonSoftwareFoundation.Python.3.11_qbz5n2kfra8p0\LocalCache\local-packages\Python311\site-packages\django\utils\asyncio.py:26: in inner
    return func(*args, **kwargs)
           ^^^^^^^^^^^^^^^^^^^^^
..\..\..\..\AppData\Local\Packages\PythonSoftwareFoundation.Python.3.11_qbz5n2kfra8p0\LocalCache\local-packages\Python311\site-packages\django\db\backends\base\base.py:320: in cursor
    return self._cursor()
           ^^^^^^^^^^^^^^
..\..\..\..\AppData\Local\Packages\PythonSoftwareFoundation.Python.3.11_qbz5n2kfra8p0\LocalCache\local-packages\Python311\site-packages\django\db\backends\base\base.py:296: in _cursor
    self.ensure_connection()
..\..\..\..\AppData\Local\Packages\PythonSoftwareFoundation.Python.3.11_qbz5n2kfra8p0\LocalCache\local-packages\Python311\site-packages\django\utils\asyncio.py:26: in inner
    return func(*args, **kwargs)
           ^^^^^^^^^^^^^^^^^^^^^
..\..\..\..\AppData\Local\Packages\PythonSoftwareFoundation.Python.3.11_qbz5n2kfra8p0\LocalCache\local-packages\Python311\site-packages\django\db\backends\base\base.py:278: in ensure_connection
    with self.wrap_database_errors:
..\..\..\..\AppData\Local\Packages\PythonSoftwareFoundation.Python.3.11_qbz5n2kfra8p0\LocalCache\local-packages\Python311\site-packages\django\db\utils.py:91: in __exit__
    raise dj_exc_value.with_traceback(traceback) from exc_value
..\..\..\..\AppData\Local\Packages\PythonSoftwareFoundation.Python.3.11_qbz5n2kfra8p0\LocalCache\local-packages\Python311\site-packages\django\db\backends\base\base.py:279: in ensure_connection
    self.connect()
..\..\..\..\AppData\Local\Packages\PythonSoftwareFoundation.Python.3.11_qbz5n2kfra8p0\LocalCache\local-packages\Python311\site-packages\django\utils\asyncio.py:26: in inner
    return func(*args, **kwargs)
           ^^^^^^^^^^^^^^^^^^^^^
..\..\..\..\AppData\Local\Packages\PythonSoftwareFoundation.Python.3.11_qbz5n2kfra8p0\LocalCache\local-packages\Python311\site-packages\django\db\backends\base\base.py:256: in connect
    self.connection = self.get_new_connection(conn_params)
                      ^^^^^^^^^^^^^^^^^^^^^^^^^^^^^^^^^^^^
..\..\..\..\AppData\Local\Packages\PythonSoftwareFoundation.Python.3.11_qbz5n2kfra8p0\LocalCache\local-packages\Python311\site-packages\django\utils\asyncio.py:26: in inner
    return func(*args, **kwargs)
           ^^^^^^^^^^^^^^^^^^^^^
..\..\..\..\AppData\Local\Packages\PythonSoftwareFoundation.Python.3.11_qbz5n2kfra8p0\LocalCache\local-packages\Python311\site-packages\django\db\backends\mysql\base.py:256: in get_new_connection
    connection = Database.connect(**conn_params)
                 ^^^^^^^^^^^^^^^^^^^^^^^^^^^^^^^
..\..\..\..\AppData\Local\Packages\PythonSoftwareFoundation.Python.3.11_qbz5n2kfra8p0\LocalCache\local-packages\Python311\site-packages\MySQLdb\__init__.py:121: in Connect
    return Connection(*args, **kwargs)
           ^^^^^^^^^^^^^^^^^^^^^^^^^^^
..\..\..\..\AppData\Local\Packages\PythonSoftwareFoundation.Python.3.11_qbz5n2kfra8p0\LocalCache\local-packages\Python311\site-packages\MySQLdb\connections.py:200: in __init__
    super().__init__(*args, **kwargs2)
E   django.db.utils.OperationalError: (2005, "Unknown server host 'db' (11001)")
__________________ ERROR at setup of TestClock.test_clock_in __________________
..\..\..\..\AppData\Local\Packages\PythonSoftwareFoundation.Python.3.11_qbz5n2kfra8p0\LocalCache\local-packages\Python311\site-packages\django\db\backends\base\base.py:279: in ensure_connection
    self.connect()
..\..\..\..\AppData\Local\Packages\PythonSoftwareFoundation.Python.3.11_qbz5n2kfra8p0\LocalCache\local-packages\Python311\site-packages\django\utils\asyncio.py:26: in inner
    return func(*args, **kwargs)
           ^^^^^^^^^^^^^^^^^^^^^
..\..\..\..\AppData\Local\Packages\PythonSoftwareFoundation.Python.3.11_qbz5n2kfra8p0\LocalCache\local-packages\Python311\site-packages\django\db\backends\base\base.py:256: in connect
    self.connection = self.get_new_connection(conn_params)
                      ^^^^^^^^^^^^^^^^^^^^^^^^^^^^^^^^^^^^
..\..\..\..\AppData\Local\Packages\PythonSoftwareFoundation.Python.3.11_qbz5n2kfra8p0\LocalCache\local-packages\Python311\site-packages\django\utils\asyncio.py:26: in inner
    return func(*args, **kwargs)
           ^^^^^^^^^^^^^^^^^^^^^
..\..\..\..\AppData\Local\Packages\PythonSoftwareFoundation.Python.3.11_qbz5n2kfra8p0\LocalCache\local-packages\Python311\site-packages\django\db\backends\mysql\base.py:256: in get_new_connection
    connection = Database.connect(**conn_params)
                 ^^^^^^^^^^^^^^^^^^^^^^^^^^^^^^^
..\..\..\..\AppData\Local\Packages\PythonSoftwareFoundation.Python.3.11_qbz5n2kfra8p0\LocalCache\local-packages\Python311\site-packages\MySQLdb\__init__.py:121: in Connect
    return Connection(*args, **kwargs)
           ^^^^^^^^^^^^^^^^^^^^^^^^^^^
..\..\..\..\AppData\Local\Packages\PythonSoftwareFoundation.Python.3.11_qbz5n2kfra8p0\LocalCache\local-packages\Python311\site-packages\MySQLdb\connections.py:200: in __init__
    super().__init__(*args, **kwargs2)
E   MySQLdb.OperationalError: (2005, "Unknown server host 'db' (11001)")

The above exception was the direct cause of the following exception:
..\..\..\..\AppData\Local\Packages\PythonSoftwareFoundation.Python.3.11_qbz5n2kfra8p0\LocalCache\local-packages\Python311\site-packages\pytest_django\plugin.py:552: in _django_db_marker
    request.getfixturevalue("_django_db_helper")
..\..\..\..\AppData\Local\Packages\PythonSoftwareFoundation.Python.3.11_qbz5n2kfra8p0\LocalCache\local-packages\Python311\site-packages\pytest_django\fixtures.py:198: in django_db_setup
    db_cfg = setup_databases(
..\..\..\..\AppData\Local\Packages\PythonSoftwareFoundation.Python.3.11_qbz5n2kfra8p0\LocalCache\local-packages\Python311\site-packages\django\test\utils.py:204: in setup_databases
    connection.creation.create_test_db(
..\..\..\..\AppData\Local\Packages\PythonSoftwareFoundation.Python.3.11_qbz5n2kfra8p0\LocalCache\local-packages\Python311\site-packages\django\db\backends\base\creation.py:62: in create_test_db
    self._create_test_db(verbosity, autoclobber, keepdb)
..\..\..\..\AppData\Local\Packages\PythonSoftwareFoundation.Python.3.11_qbz5n2kfra8p0\LocalCache\local-packages\Python311\site-packages\django\db\backends\base\creation.py:202: in _create_test_db
    with self._nodb_cursor() as cursor:
C:\Program Files\WindowsApps\PythonSoftwareFoundation.Python.3.11_3.11.2544.0_x64__qbz5n2kfra8p0\Lib\contextlib.py:137: in __enter__
    return next(self.gen)
           ^^^^^^^^^^^^^^
..\..\..\..\AppData\Local\Packages\PythonSoftwareFoundation.Python.3.11_qbz5n2kfra8p0\LocalCache\local-packages\Python311\site-packages\django\db\backends\base\base.py:712: in _nodb_cursor
    with conn.cursor() as cursor:
         ^^^^^^^^^^^^^
..\..\..\..\AppData\Local\Packages\PythonSoftwareFoundation.Python.3.11_qbz5n2kfra8p0\LocalCache\local-packages\Python311\site-packages\django\utils\asyncio.py:26: in inner
    return func(*args, **kwargs)
           ^^^^^^^^^^^^^^^^^^^^^
..\..\..\..\AppData\Local\Packages\PythonSoftwareFoundation.Python.3.11_qbz5n2kfra8p0\LocalCache\local-packages\Python311\site-packages\django\db\backends\base\base.py:320: in cursor
    return self._cursor()
           ^^^^^^^^^^^^^^
..\..\..\..\AppData\Local\Packages\PythonSoftwareFoundation.Python.3.11_qbz5n2kfra8p0\LocalCache\local-packages\Python311\site-packages\django\db\backends\base\base.py:296: in _cursor
    self.ensure_connection()
..\..\..\..\AppData\Local\Packages\PythonSoftwareFoundation.Python.3.11_qbz5n2kfra8p0\LocalCache\local-packages\Python311\site-packages\django\utils\asyncio.py:26: in inner
    return func(*args, **kwargs)
           ^^^^^^^^^^^^^^^^^^^^^
..\..\..\..\AppData\Local\Packages\PythonSoftwareFoundation.Python.3.11_qbz5n2kfra8p0\LocalCache\local-packages\Python311\site-packages\django\db\backends\base\base.py:278: in ensure_connection
    with self.wrap_database_errors:
..\..\..\..\AppData\Local\Packages\PythonSoftwareFoundation.Python.3.11_qbz5n2kfra8p0\LocalCache\local-packages\Python311\site-packages\django\db\utils.py:91: in __exit__
    raise dj_exc_value.with_traceback(traceback) from exc_value
..\..\..\..\AppData\Local\Packages\PythonSoftwareFoundation.Python.3.11_qbz5n2kfra8p0\LocalCache\local-packages\Python311\site-packages\django\db\backends\base\base.py:279: in ensure_connection
    self.connect()
..\..\..\..\AppData\Local\Packages\PythonSoftwareFoundation.Python.3.11_qbz5n2kfra8p0\LocalCache\local-packages\Python311\site-packages\django\utils\asyncio.py:26: in inner
    return func(*args, **kwargs)
           ^^^^^^^^^^^^^^^^^^^^^
..\..\..\..\AppData\Local\Packages\PythonSoftwareFoundation.Python.3.11_qbz5n2kfra8p0\LocalCache\local-packages\Python311\site-packages\django\db\backends\base\base.py:256: in connect
    self.connection = self.get_new_connection(conn_params)
                      ^^^^^^^^^^^^^^^^^^^^^^^^^^^^^^^^^^^^
..\..\..\..\AppData\Local\Packages\PythonSoftwareFoundation.Python.3.11_qbz5n2kfra8p0\LocalCache\local-packages\Python311\site-packages\django\utils\asyncio.py:26: in inner
    return func(*args, **kwargs)
           ^^^^^^^^^^^^^^^^^^^^^
..\..\..\..\AppData\Local\Packages\PythonSoftwareFoundation.Python.3.11_qbz5n2kfra8p0\LocalCache\local-packages\Python311\site-packages\django\db\backends\mysql\base.py:256: in get_new_connection
    connection = Database.connect(**conn_params)
                 ^^^^^^^^^^^^^^^^^^^^^^^^^^^^^^^
..\..\..\..\AppData\Local\Packages\PythonSoftwareFoundation.Python.3.11_qbz5n2kfra8p0\LocalCache\local-packages\Python311\site-packages\MySQLdb\__init__.py:121: in Connect
    return Connection(*args, **kwargs)
           ^^^^^^^^^^^^^^^^^^^^^^^^^^^
..\..\..\..\AppData\Local\Packages\PythonSoftwareFoundation.Python.3.11_qbz5n2kfra8p0\LocalCache\local-packages\Python311\site-packages\MySQLdb\connections.py:200: in __init__
    super().__init__(*args, **kwargs2)
E   django.db.utils.OperationalError: (2005, "Unknown server host 'db' (11001)")
____________ ERROR at setup of TestClock.test_clock_in_twice_fails ____________
..\..\..\..\AppData\Local\Packages\PythonSoftwareFoundation.Python.3.11_qbz5n2kfra8p0\LocalCache\local-packages\Python311\site-packages\django\db\backends\base\base.py:279: in ensure_connection
    self.connect()
..\..\..\..\AppData\Local\Packages\PythonSoftwareFoundation.Python.3.11_qbz5n2kfra8p0\LocalCache\local-packages\Python311\site-packages\django\utils\asyncio.py:26: in inner
    return func(*args, **kwargs)
           ^^^^^^^^^^^^^^^^^^^^^
..\..\..\..\AppData\Local\Packages\PythonSoftwareFoundation.Python.3.11_qbz5n2kfra8p0\LocalCache\local-packages\Python311\site-packages\django\db\backends\base\base.py:256: in connect
    self.connection = self.get_new_connection(conn_params)
                      ^^^^^^^^^^^^^^^^^^^^^^^^^^^^^^^^^^^^
..\..\..\..\AppData\Local\Packages\PythonSoftwareFoundation.Python.3.11_qbz5n2kfra8p0\LocalCache\local-packages\Python311\site-packages\django\utils\asyncio.py:26: in inner
    return func(*args, **kwargs)
           ^^^^^^^^^^^^^^^^^^^^^
..\..\..\..\AppData\Local\Packages\PythonSoftwareFoundation.Python.3.11_qbz5n2kfra8p0\LocalCache\local-packages\Python311\site-packages\django\db\backends\mysql\base.py:256: in get_new_connection
    connection = Database.connect(**conn_params)
                 ^^^^^^^^^^^^^^^^^^^^^^^^^^^^^^^
..\..\..\..\AppData\Local\Packages\PythonSoftwareFoundation.Python.3.11_qbz5n2kfra8p0\LocalCache\local-packages\Python311\site-packages\MySQLdb\__init__.py:121: in Connect
    return Connection(*args, **kwargs)
           ^^^^^^^^^^^^^^^^^^^^^^^^^^^
..\..\..\..\AppData\Local\Packages\PythonSoftwareFoundation.Python.3.11_qbz5n2kfra8p0\LocalCache\local-packages\Python311\site-packages\MySQLdb\connections.py:200: in __init__
    super().__init__(*args, **kwargs2)
E   MySQLdb.OperationalError: (2005, "Unknown server host 'db' (11001)")

The above exception was the direct cause of the following exception:
..\..\..\..\AppData\Local\Packages\PythonSoftwareFoundation.Python.3.11_qbz5n2kfra8p0\LocalCache\local-packages\Python311\site-packages\pytest_django\plugin.py:552: in _django_db_marker
    request.getfixturevalue("_django_db_helper")
..\..\..\..\AppData\Local\Packages\PythonSoftwareFoundation.Python.3.11_qbz5n2kfra8p0\LocalCache\local-packages\Python311\site-packages\pytest_django\fixtures.py:198: in django_db_setup
    db_cfg = setup_databases(
..\..\..\..\AppData\Local\Packages\PythonSoftwareFoundation.Python.3.11_qbz5n2kfra8p0\LocalCache\local-packages\Python311\site-packages\django\test\utils.py:204: in setup_databases
    connection.creation.create_test_db(
..\..\..\..\AppData\Local\Packages\PythonSoftwareFoundation.Python.3.11_qbz5n2kfra8p0\LocalCache\local-packages\Python311\site-packages\django\db\backends\base\creation.py:62: in create_test_db
    self._create_test_db(verbosity, autoclobber, keepdb)
..\..\..\..\AppData\Local\Packages\PythonSoftwareFoundation.Python.3.11_qbz5n2kfra8p0\LocalCache\local-packages\Python311\site-packages\django\db\backends\base\creation.py:202: in _create_test_db
    with self._nodb_cursor() as cursor:
C:\Program Files\WindowsApps\PythonSoftwareFoundation.Python.3.11_3.11.2544.0_x64__qbz5n2kfra8p0\Lib\contextlib.py:137: in __enter__
    return next(self.gen)
           ^^^^^^^^^^^^^^
..\..\..\..\AppData\Local\Packages\PythonSoftwareFoundation.Python.3.11_qbz5n2kfra8p0\LocalCache\local-packages\Python311\site-packages\django\db\backends\base\base.py:712: in _nodb_cursor
    with conn.cursor() as cursor:
         ^^^^^^^^^^^^^
..\..\..\..\AppData\Local\Packages\PythonSoftwareFoundation.Python.3.11_qbz5n2kfra8p0\LocalCache\local-packages\Python311\site-packages\django\utils\asyncio.py:26: in inner
    return func(*args, **kwargs)
           ^^^^^^^^^^^^^^^^^^^^^
..\..\..\..\AppData\Local\Packages\PythonSoftwareFoundation.Python.3.11_qbz5n2kfra8p0\LocalCache\local-packages\Python311\site-packages\django\db\backends\base\base.py:320: in cursor
    return self._cursor()
           ^^^^^^^^^^^^^^
..\..\..\..\AppData\Local\Packages\PythonSoftwareFoundation.Python.3.11_qbz5n2kfra8p0\LocalCache\local-packages\Python311\site-packages\django\db\backends\base\base.py:296: in _cursor
    self.ensure_connection()
..\..\..\..\AppData\Local\Packages\PythonSoftwareFoundation.Python.3.11_qbz5n2kfra8p0\LocalCache\local-packages\Python311\site-packages\django\utils\asyncio.py:26: in inner
    return func(*args, **kwargs)
           ^^^^^^^^^^^^^^^^^^^^^
..\..\..\..\AppData\Local\Packages\PythonSoftwareFoundation.Python.3.11_qbz5n2kfra8p0\LocalCache\local-packages\Python311\site-packages\django\db\backends\base\base.py:278: in ensure_connection
    with self.wrap_database_errors:
..\..\..\..\AppData\Local\Packages\PythonSoftwareFoundation.Python.3.11_qbz5n2kfra8p0\LocalCache\local-packages\Python311\site-packages\django\db\utils.py:91: in __exit__
    raise dj_exc_value.with_traceback(traceback) from exc_value
..\..\..\..\AppData\Local\Packages\PythonSoftwareFoundation.Python.3.11_qbz5n2kfra8p0\LocalCache\local-packages\Python311\site-packages\django\db\backends\base\base.py:279: in ensure_connection
    self.connect()
..\..\..\..\AppData\Local\Packages\PythonSoftwareFoundation.Python.3.11_qbz5n2kfra8p0\LocalCache\local-packages\Python311\site-packages\django\utils\asyncio.py:26: in inner
    return func(*args, **kwargs)
           ^^^^^^^^^^^^^^^^^^^^^
..\..\..\..\AppData\Local\Packages\PythonSoftwareFoundation.Python.3.11_qbz5n2kfra8p0\LocalCache\local-packages\Python311\site-packages\django\db\backends\base\base.py:256: in connect
    self.connection = self.get_new_connection(conn_params)
                      ^^^^^^^^^^^^^^^^^^^^^^^^^^^^^^^^^^^^
..\..\..\..\AppData\Local\Packages\PythonSoftwareFoundation.Python.3.11_qbz5n2kfra8p0\LocalCache\local-packages\Python311\site-packages\django\utils\asyncio.py:26: in inner
    return func(*args, **kwargs)
           ^^^^^^^^^^^^^^^^^^^^^
..\..\..\..\AppData\Local\Packages\PythonSoftwareFoundation.Python.3.11_qbz5n2kfra8p0\LocalCache\local-packages\Python311\site-packages\django\db\backends\mysql\base.py:256: in get_new_connection
    connection = Database.connect(**conn_params)
                 ^^^^^^^^^^^^^^^^^^^^^^^^^^^^^^^
..\..\..\..\AppData\Local\Packages\PythonSoftwareFoundation.Python.3.11_qbz5n2kfra8p0\LocalCache\local-packages\Python311\site-packages\MySQLdb\__init__.py:121: in Connect
    return Connection(*args, **kwargs)
           ^^^^^^^^^^^^^^^^^^^^^^^^^^^
..\..\..\..\AppData\Local\Packages\PythonSoftwareFoundation.Python.3.11_qbz5n2kfra8p0\LocalCache\local-packages\Python311\site-packages\MySQLdb\connections.py:200: in __init__
    super().__init__(*args, **kwargs2)
E   django.db.utils.OperationalError: (2005, "Unknown server host 'db' (11001)")
_________________ ERROR at setup of TestClock.test_clock_out __________________
..\..\..\..\AppData\Local\Packages\PythonSoftwareFoundation.Python.3.11_qbz5n2kfra8p0\LocalCache\local-packages\Python311\site-packages\django\db\backends\base\base.py:279: in ensure_connection
    self.connect()
..\..\..\..\AppData\Local\Packages\PythonSoftwareFoundation.Python.3.11_qbz5n2kfra8p0\LocalCache\local-packages\Python311\site-packages\django\utils\asyncio.py:26: in inner
    return func(*args, **kwargs)
           ^^^^^^^^^^^^^^^^^^^^^
..\..\..\..\AppData\Local\Packages\PythonSoftwareFoundation.Python.3.11_qbz5n2kfra8p0\LocalCache\local-packages\Python311\site-packages\django\db\backends\base\base.py:256: in connect
    self.connection = self.get_new_connection(conn_params)
                      ^^^^^^^^^^^^^^^^^^^^^^^^^^^^^^^^^^^^
..\..\..\..\AppData\Local\Packages\PythonSoftwareFoundation.Python.3.11_qbz5n2kfra8p0\LocalCache\local-packages\Python311\site-packages\django\utils\asyncio.py:26: in inner
    return func(*args, **kwargs)
           ^^^^^^^^^^^^^^^^^^^^^
..\..\..\..\AppData\Local\Packages\PythonSoftwareFoundation.Python.3.11_qbz5n2kfra8p0\LocalCache\local-packages\Python311\site-packages\django\db\backends\mysql\base.py:256: in get_new_connection
    connection = Database.connect(**conn_params)
                 ^^^^^^^^^^^^^^^^^^^^^^^^^^^^^^^
..\..\..\..\AppData\Local\Packages\PythonSoftwareFoundation.Python.3.11_qbz5n2kfra8p0\LocalCache\local-packages\Python311\site-packages\MySQLdb\__init__.py:121: in Connect
    return Connection(*args, **kwargs)
           ^^^^^^^^^^^^^^^^^^^^^^^^^^^
..\..\..\..\AppData\Local\Packages\PythonSoftwareFoundation.Python.3.11_qbz5n2kfra8p0\LocalCache\local-packages\Python311\site-packages\MySQLdb\connections.py:200: in __init__
    super().__init__(*args, **kwargs2)
E   MySQLdb.OperationalError: (2005, "Unknown server host 'db' (11001)")

The above exception was the direct cause of the following exception:
..\..\..\..\AppData\Local\Packages\PythonSoftwareFoundation.Python.3.11_qbz5n2kfra8p0\LocalCache\local-packages\Python311\site-packages\pytest_django\plugin.py:552: in _django_db_marker
    request.getfixturevalue("_django_db_helper")
..\..\..\..\AppData\Local\Packages\PythonSoftwareFoundation.Python.3.11_qbz5n2kfra8p0\LocalCache\local-packages\Python311\site-packages\pytest_django\fixtures.py:198: in django_db_setup
    db_cfg = setup_databases(
..\..\..\..\AppData\Local\Packages\PythonSoftwareFoundation.Python.3.11_qbz5n2kfra8p0\LocalCache\local-packages\Python311\site-packages\django\test\utils.py:204: in setup_databases
    connection.creation.create_test_db(
..\..\..\..\AppData\Local\Packages\PythonSoftwareFoundation.Python.3.11_qbz5n2kfra8p0\LocalCache\local-packages\Python311\site-packages\django\db\backends\base\creation.py:62: in create_test_db
    self._create_test_db(verbosity, autoclobber, keepdb)
..\..\..\..\AppData\Local\Packages\PythonSoftwareFoundation.Python.3.11_qbz5n2kfra8p0\LocalCache\local-packages\Python311\site-packages\django\db\backends\base\creation.py:202: in _create_test_db
    with self._nodb_cursor() as cursor:
C:\Program Files\WindowsApps\PythonSoftwareFoundation.Python.3.11_3.11.2544.0_x64__qbz5n2kfra8p0\Lib\contextlib.py:137: in __enter__
    return next(self.gen)
           ^^^^^^^^^^^^^^
..\..\..\..\AppData\Local\Packages\PythonSoftwareFoundation.Python.3.11_qbz5n2kfra8p0\LocalCache\local-packages\Python311\site-packages\django\db\backends\base\base.py:712: in _nodb_cursor
    with conn.cursor() as cursor:
         ^^^^^^^^^^^^^
..\..\..\..\AppData\Local\Packages\PythonSoftwareFoundation.Python.3.11_qbz5n2kfra8p0\LocalCache\local-packages\Python311\site-packages\django\utils\asyncio.py:26: in inner
    return func(*args, **kwargs)
           ^^^^^^^^^^^^^^^^^^^^^
..\..\..\..\AppData\Local\Packages\PythonSoftwareFoundation.Python.3.11_qbz5n2kfra8p0\LocalCache\local-packages\Python311\site-packages\django\db\backends\base\base.py:320: in cursor
    return self._cursor()
           ^^^^^^^^^^^^^^
..\..\..\..\AppData\Local\Packages\PythonSoftwareFoundation.Python.3.11_qbz5n2kfra8p0\LocalCache\local-packages\Python311\site-packages\django\db\backends\base\base.py:296: in _cursor
    self.ensure_connection()
..\..\..\..\AppData\Local\Packages\PythonSoftwareFoundation.Python.3.11_qbz5n2kfra8p0\LocalCache\local-packages\Python311\site-packages\django\utils\asyncio.py:26: in inner
    return func(*args, **kwargs)
           ^^^^^^^^^^^^^^^^^^^^^
..\..\..\..\AppData\Local\Packages\PythonSoftwareFoundation.Python.3.11_qbz5n2kfra8p0\LocalCache\local-packages\Python311\site-packages\django\db\backends\base\base.py:278: in ensure_connection
    with self.wrap_database_errors:
..\..\..\..\AppData\Local\Packages\PythonSoftwareFoundation.Python.3.11_qbz5n2kfra8p0\LocalCache\local-packages\Python311\site-packages\django\db\utils.py:91: in __exit__
    raise dj_exc_value.with_traceback(traceback) from exc_value
..\..\..\..\AppData\Local\Packages\PythonSoftwareFoundation.Python.3.11_qbz5n2kfra8p0\LocalCache\local-packages\Python311\site-packages\django\db\backends\base\base.py:279: in ensure_connection
    self.connect()
..\..\..\..\AppData\Local\Packages\PythonSoftwareFoundation.Python.3.11_qbz5n2kfra8p0\LocalCache\local-packages\Python311\site-packages\django\utils\asyncio.py:26: in inner
    return func(*args, **kwargs)
           ^^^^^^^^^^^^^^^^^^^^^
..\..\..\..\AppData\Local\Packages\PythonSoftwareFoundation.Python.3.11_qbz5n2kfra8p0\LocalCache\local-packages\Python311\site-packages\django\db\backends\base\base.py:256: in connect
    self.connection = self.get_new_connection(conn_params)
                      ^^^^^^^^^^^^^^^^^^^^^^^^^^^^^^^^^^^^
..\..\..\..\AppData\Local\Packages\PythonSoftwareFoundation.Python.3.11_qbz5n2kfra8p0\LocalCache\local-packages\Python311\site-packages\django\utils\asyncio.py:26: in inner
    return func(*args, **kwargs)
           ^^^^^^^^^^^^^^^^^^^^^
..\..\..\..\AppData\Local\Packages\PythonSoftwareFoundation.Python.3.11_qbz5n2kfra8p0\LocalCache\local-packages\Python311\site-packages\django\db\backends\mysql\base.py:256: in get_new_connection
    connection = Database.connect(**conn_params)
                 ^^^^^^^^^^^^^^^^^^^^^^^^^^^^^^^
..\..\..\..\AppData\Local\Packages\PythonSoftwareFoundation.Python.3.11_qbz5n2kfra8p0\LocalCache\local-packages\Python311\site-packages\MySQLdb\__init__.py:121: in Connect
    return Connection(*args, **kwargs)
           ^^^^^^^^^^^^^^^^^^^^^^^^^^^
..\..\..\..\AppData\Local\Packages\PythonSoftwareFoundation.Python.3.11_qbz5n2kfra8p0\LocalCache\local-packages\Python311\site-packages\MySQLdb\connections.py:200: in __init__
    super().__init__(*args, **kwargs2)
E   django.db.utils.OperationalError: (2005, "Unknown server host 'db' (11001)")
_________ ERROR at setup of TestClock.test_clock_out_without_clock_in _________
..\..\..\..\AppData\Local\Packages\PythonSoftwareFoundation.Python.3.11_qbz5n2kfra8p0\LocalCache\local-packages\Python311\site-packages\django\db\backends\base\base.py:279: in ensure_connection
    self.connect()
..\..\..\..\AppData\Local\Packages\PythonSoftwareFoundation.Python.3.11_qbz5n2kfra8p0\LocalCache\local-packages\Python311\site-packages\django\utils\asyncio.py:26: in inner
    return func(*args, **kwargs)
           ^^^^^^^^^^^^^^^^^^^^^
..\..\..\..\AppData\Local\Packages\PythonSoftwareFoundation.Python.3.11_qbz5n2kfra8p0\LocalCache\local-packages\Python311\site-packages\django\db\backends\base\base.py:256: in connect
    self.connection = self.get_new_connection(conn_params)
                      ^^^^^^^^^^^^^^^^^^^^^^^^^^^^^^^^^^^^
..\..\..\..\AppData\Local\Packages\PythonSoftwareFoundation.Python.3.11_qbz5n2kfra8p0\LocalCache\local-packages\Python311\site-packages\django\utils\asyncio.py:26: in inner
    return func(*args, **kwargs)
           ^^^^^^^^^^^^^^^^^^^^^
..\..\..\..\AppData\Local\Packages\PythonSoftwareFoundation.Python.3.11_qbz5n2kfra8p0\LocalCache\local-packages\Python311\site-packages\django\db\backends\mysql\base.py:256: in get_new_connection
    connection = Database.connect(**conn_params)
                 ^^^^^^^^^^^^^^^^^^^^^^^^^^^^^^^
..\..\..\..\AppData\Local\Packages\PythonSoftwareFoundation.Python.3.11_qbz5n2kfra8p0\LocalCache\local-packages\Python311\site-packages\MySQLdb\__init__.py:121: in Connect
    return Connection(*args, **kwargs)
           ^^^^^^^^^^^^^^^^^^^^^^^^^^^
..\..\..\..\AppData\Local\Packages\PythonSoftwareFoundation.Python.3.11_qbz5n2kfra8p0\LocalCache\local-packages\Python311\site-packages\MySQLdb\connections.py:200: in __init__
    super().__init__(*args, **kwargs2)
E   MySQLdb.OperationalError: (2005, "Unknown server host 'db' (11001)")

The above exception was the direct cause of the following exception:
..\..\..\..\AppData\Local\Packages\PythonSoftwareFoundation.Python.3.11_qbz5n2kfra8p0\LocalCache\local-packages\Python311\site-packages\pytest_django\plugin.py:552: in _django_db_marker
    request.getfixturevalue("_django_db_helper")
..\..\..\..\AppData\Local\Packages\PythonSoftwareFoundation.Python.3.11_qbz5n2kfra8p0\LocalCache\local-packages\Python311\site-packages\pytest_django\fixtures.py:198: in django_db_setup
    db_cfg = setup_databases(
..\..\..\..\AppData\Local\Packages\PythonSoftwareFoundation.Python.3.11_qbz5n2kfra8p0\LocalCache\local-packages\Python311\site-packages\django\test\utils.py:204: in setup_databases
    connection.creation.create_test_db(
..\..\..\..\AppData\Local\Packages\PythonSoftwareFoundation.Python.3.11_qbz5n2kfra8p0\LocalCache\local-packages\Python311\site-packages\django\db\backends\base\creation.py:62: in create_test_db
    self._create_test_db(verbosity, autoclobber, keepdb)
..\..\..\..\AppData\Local\Packages\PythonSoftwareFoundation.Python.3.11_qbz5n2kfra8p0\LocalCache\local-packages\Python311\site-packages\django\db\backends\base\creation.py:202: in _create_test_db
    with self._nodb_cursor() as cursor:
C:\Program Files\WindowsApps\PythonSoftwareFoundation.Python.3.11_3.11.2544.0_x64__qbz5n2kfra8p0\Lib\contextlib.py:137: in __enter__
    return next(self.gen)
           ^^^^^^^^^^^^^^
..\..\..\..\AppData\Local\Packages\PythonSoftwareFoundation.Python.3.11_qbz5n2kfra8p0\LocalCache\local-packages\Python311\site-packages\django\db\backends\base\base.py:712: in _nodb_cursor
    with conn.cursor() as cursor:
         ^^^^^^^^^^^^^
..\..\..\..\AppData\Local\Packages\PythonSoftwareFoundation.Python.3.11_qbz5n2kfra8p0\LocalCache\local-packages\Python311\site-packages\django\utils\asyncio.py:26: in inner
    return func(*args, **kwargs)
           ^^^^^^^^^^^^^^^^^^^^^
..\..\..\..\AppData\Local\Packages\PythonSoftwareFoundation.Python.3.11_qbz5n2kfra8p0\LocalCache\local-packages\Python311\site-packages\django\db\backends\base\base.py:320: in cursor
    return self._cursor()
           ^^^^^^^^^^^^^^
..\..\..\..\AppData\Local\Packages\PythonSoftwareFoundation.Python.3.11_qbz5n2kfra8p0\LocalCache\local-packages\Python311\site-packages\django\db\backends\base\base.py:296: in _cursor
    self.ensure_connection()
..\..\..\..\AppData\Local\Packages\PythonSoftwareFoundation.Python.3.11_qbz5n2kfra8p0\LocalCache\local-packages\Python311\site-packages\django\utils\asyncio.py:26: in inner
    return func(*args, **kwargs)
           ^^^^^^^^^^^^^^^^^^^^^
..\..\..\..\AppData\Local\Packages\PythonSoftwareFoundation.Python.3.11_qbz5n2kfra8p0\LocalCache\local-packages\Python311\site-packages\django\db\backends\base\base.py:278: in ensure_connection
    with self.wrap_database_errors:
..\..\..\..\AppData\Local\Packages\PythonSoftwareFoundation.Python.3.11_qbz5n2kfra8p0\LocalCache\local-packages\Python311\site-packages\django\db\utils.py:91: in __exit__
    raise dj_exc_value.with_traceback(traceback) from exc_value
..\..\..\..\AppData\Local\Packages\PythonSoftwareFoundation.Python.3.11_qbz5n2kfra8p0\LocalCache\local-packages\Python311\site-packages\django\db\backends\base\base.py:279: in ensure_connection
    self.connect()
..\..\..\..\AppData\Local\Packages\PythonSoftwareFoundation.Python.3.11_qbz5n2kfra8p0\LocalCache\local-packages\Python311\site-packages\django\utils\asyncio.py:26: in inner
    return func(*args, **kwargs)
           ^^^^^^^^^^^^^^^^^^^^^
..\..\..\..\AppData\Local\Packages\PythonSoftwareFoundation.Python.3.11_qbz5n2kfra8p0\LocalCache\local-packages\Python311\site-packages\django\db\backends\base\base.py:256: in connect
    self.connection = self.get_new_connection(conn_params)
                      ^^^^^^^^^^^^^^^^^^^^^^^^^^^^^^^^^^^^
..\..\..\..\AppData\Local\Packages\PythonSoftwareFoundation.Python.3.11_qbz5n2kfra8p0\LocalCache\local-packages\Python311\site-packages\django\utils\asyncio.py:26: in inner
    return func(*args, **kwargs)
           ^^^^^^^^^^^^^^^^^^^^^
..\..\..\..\AppData\Local\Packages\PythonSoftwareFoundation.Python.3.11_qbz5n2kfra8p0\LocalCache\local-packages\Python311\site-packages\django\db\backends\mysql\base.py:256: in get_new_connection
    connection = Database.connect(**conn_params)
                 ^^^^^^^^^^^^^^^^^^^^^^^^^^^^^^^
..\..\..\..\AppData\Local\Packages\PythonSoftwareFoundation.Python.3.11_qbz5n2kfra8p0\LocalCache\local-packages\Python311\site-packages\MySQLdb\__init__.py:121: in Connect
    return Connection(*args, **kwargs)
           ^^^^^^^^^^^^^^^^^^^^^^^^^^^
..\..\..\..\AppData\Local\Packages\PythonSoftwareFoundation.Python.3.11_qbz5n2kfra8p0\LocalCache\local-packages\Python311\site-packages\MySQLdb\connections.py:200: in __init__
    super().__init__(*args, **kwargs2)
E   django.db.utils.OperationalError: (2005, "Unknown server host 'db' (11001)")
_____________ ERROR at setup of TestClock.test_list_time_entries ______________
..\..\..\..\AppData\Local\Packages\PythonSoftwareFoundation.Python.3.11_qbz5n2kfra8p0\LocalCache\local-packages\Python311\site-packages\django\db\backends\base\base.py:279: in ensure_connection
    self.connect()
..\..\..\..\AppData\Local\Packages\PythonSoftwareFoundation.Python.3.11_qbz5n2kfra8p0\LocalCache\local-packages\Python311\site-packages\django\utils\asyncio.py:26: in inner
    return func(*args, **kwargs)
           ^^^^^^^^^^^^^^^^^^^^^
..\..\..\..\AppData\Local\Packages\PythonSoftwareFoundation.Python.3.11_qbz5n2kfra8p0\LocalCache\local-packages\Python311\site-packages\django\db\backends\base\base.py:256: in connect
    self.connection = self.get_new_connection(conn_params)
                      ^^^^^^^^^^^^^^^^^^^^^^^^^^^^^^^^^^^^
..\..\..\..\AppData\Local\Packages\PythonSoftwareFoundation.Python.3.11_qbz5n2kfra8p0\LocalCache\local-packages\Python311\site-packages\django\utils\asyncio.py:26: in inner
    return func(*args, **kwargs)
           ^^^^^^^^^^^^^^^^^^^^^
..\..\..\..\AppData\Local\Packages\PythonSoftwareFoundation.Python.3.11_qbz5n2kfra8p0\LocalCache\local-packages\Python311\site-packages\django\db\backends\mysql\base.py:256: in get_new_connection
    connection = Database.connect(**conn_params)
                 ^^^^^^^^^^^^^^^^^^^^^^^^^^^^^^^
..\..\..\..\AppData\Local\Packages\PythonSoftwareFoundation.Python.3.11_qbz5n2kfra8p0\LocalCache\local-packages\Python311\site-packages\MySQLdb\__init__.py:121: in Connect
    return Connection(*args, **kwargs)
           ^^^^^^^^^^^^^^^^^^^^^^^^^^^
..\..\..\..\AppData\Local\Packages\PythonSoftwareFoundation.Python.3.11_qbz5n2kfra8p0\LocalCache\local-packages\Python311\site-packages\MySQLdb\connections.py:200: in __init__
    super().__init__(*args, **kwargs2)
E   MySQLdb.OperationalError: (2005, "Unknown server host 'db' (11001)")

The above exception was the direct cause of the following exception:
..\..\..\..\AppData\Local\Packages\PythonSoftwareFoundation.Python.3.11_qbz5n2kfra8p0\LocalCache\local-packages\Python311\site-packages\pytest_django\plugin.py:552: in _django_db_marker
    request.getfixturevalue("_django_db_helper")
..\..\..\..\AppData\Local\Packages\PythonSoftwareFoundation.Python.3.11_qbz5n2kfra8p0\LocalCache\local-packages\Python311\site-packages\pytest_django\fixtures.py:198: in django_db_setup
    db_cfg = setup_databases(
..\..\..\..\AppData\Local\Packages\PythonSoftwareFoundation.Python.3.11_qbz5n2kfra8p0\LocalCache\local-packages\Python311\site-packages\django\test\utils.py:204: in setup_databases
    connection.creation.create_test_db(
..\..\..\..\AppData\Local\Packages\PythonSoftwareFoundation.Python.3.11_qbz5n2kfra8p0\LocalCache\local-packages\Python311\site-packages\django\db\backends\base\creation.py:62: in create_test_db
    self._create_test_db(verbosity, autoclobber, keepdb)
..\..\..\..\AppData\Local\Packages\PythonSoftwareFoundation.Python.3.11_qbz5n2kfra8p0\LocalCache\local-packages\Python311\site-packages\django\db\backends\base\creation.py:202: in _create_test_db
    with self._nodb_cursor() as cursor:
C:\Program Files\WindowsApps\PythonSoftwareFoundation.Python.3.11_3.11.2544.0_x64__qbz5n2kfra8p0\Lib\contextlib.py:137: in __enter__
    return next(self.gen)
           ^^^^^^^^^^^^^^
..\..\..\..\AppData\Local\Packages\PythonSoftwareFoundation.Python.3.11_qbz5n2kfra8p0\LocalCache\local-packages\Python311\site-packages\django\db\backends\base\base.py:712: in _nodb_cursor
    with conn.cursor() as cursor:
         ^^^^^^^^^^^^^
..\..\..\..\AppData\Local\Packages\PythonSoftwareFoundation.Python.3.11_qbz5n2kfra8p0\LocalCache\local-packages\Python311\site-packages\django\utils\asyncio.py:26: in inner
    return func(*args, **kwargs)
           ^^^^^^^^^^^^^^^^^^^^^
..\..\..\..\AppData\Local\Packages\PythonSoftwareFoundation.Python.3.11_qbz5n2kfra8p0\LocalCache\local-packages\Python311\site-packages\django\db\backends\base\base.py:320: in cursor
    return self._cursor()
           ^^^^^^^^^^^^^^
..\..\..\..\AppData\Local\Packages\PythonSoftwareFoundation.Python.3.11_qbz5n2kfra8p0\LocalCache\local-packages\Python311\site-packages\django\db\backends\base\base.py:296: in _cursor
    self.ensure_connection()
..\..\..\..\AppData\Local\Packages\PythonSoftwareFoundation.Python.3.11_qbz5n2kfra8p0\LocalCache\local-packages\Python311\site-packages\django\utils\asyncio.py:26: in inner
    return func(*args, **kwargs)
           ^^^^^^^^^^^^^^^^^^^^^
..\..\..\..\AppData\Local\Packages\PythonSoftwareFoundation.Python.3.11_qbz5n2kfra8p0\LocalCache\local-packages\Python311\site-packages\django\db\backends\base\base.py:278: in ensure_connection
    with self.wrap_database_errors:
..\..\..\..\AppData\Local\Packages\PythonSoftwareFoundation.Python.3.11_qbz5n2kfra8p0\LocalCache\local-packages\Python311\site-packages\django\db\utils.py:91: in __exit__
    raise dj_exc_value.with_traceback(traceback) from exc_value
..\..\..\..\AppData\Local\Packages\PythonSoftwareFoundation.Python.3.11_qbz5n2kfra8p0\LocalCache\local-packages\Python311\site-packages\django\db\backends\base\base.py:279: in ensure_connection
    self.connect()
..\..\..\..\AppData\Local\Packages\PythonSoftwareFoundation.Python.3.11_qbz5n2kfra8p0\LocalCache\local-packages\Python311\site-packages\django\utils\asyncio.py:26: in inner
    return func(*args, **kwargs)
           ^^^^^^^^^^^^^^^^^^^^^
..\..\..\..\AppData\Local\Packages\PythonSoftwareFoundation.Python.3.11_qbz5n2kfra8p0\LocalCache\local-packages\Python311\site-packages\django\db\backends\base\base.py:256: in connect
    self.connection = self.get_new_connection(conn_params)
                      ^^^^^^^^^^^^^^^^^^^^^^^^^^^^^^^^^^^^
..\..\..\..\AppData\Local\Packages\PythonSoftwareFoundation.Python.3.11_qbz5n2kfra8p0\LocalCache\local-packages\Python311\site-packages\django\utils\asyncio.py:26: in inner
    return func(*args, **kwargs)
           ^^^^^^^^^^^^^^^^^^^^^
..\..\..\..\AppData\Local\Packages\PythonSoftwareFoundation.Python.3.11_qbz5n2kfra8p0\LocalCache\local-packages\Python311\site-packages\django\db\backends\mysql\base.py:256: in get_new_connection
    connection = Database.connect(**conn_params)
                 ^^^^^^^^^^^^^^^^^^^^^^^^^^^^^^^
..\..\..\..\AppData\Local\Packages\PythonSoftwareFoundation.Python.3.11_qbz5n2kfra8p0\LocalCache\local-packages\Python311\site-packages\MySQLdb\__init__.py:121: in Connect
    return Connection(*args, **kwargs)
           ^^^^^^^^^^^^^^^^^^^^^^^^^^^
..\..\..\..\AppData\Local\Packages\PythonSoftwareFoundation.Python.3.11_qbz5n2kfra8p0\LocalCache\local-packages\Python311\site-packages\MySQLdb\connections.py:200: in __init__
    super().__init__(*args, **kwargs2)
E   django.db.utils.OperationalError: (2005, "Unknown server host 'db' (11001)")
______________ ERROR at setup of TestTasks.test_create_task_self ______________
..\..\..\..\AppData\Local\Packages\PythonSoftwareFoundation.Python.3.11_qbz5n2kfra8p0\LocalCache\local-packages\Python311\site-packages\django\db\backends\base\base.py:279: in ensure_connection
    self.connect()
..\..\..\..\AppData\Local\Packages\PythonSoftwareFoundation.Python.3.11_qbz5n2kfra8p0\LocalCache\local-packages\Python311\site-packages\django\utils\asyncio.py:26: in inner
    return func(*args, **kwargs)
           ^^^^^^^^^^^^^^^^^^^^^
..\..\..\..\AppData\Local\Packages\PythonSoftwareFoundation.Python.3.11_qbz5n2kfra8p0\LocalCache\local-packages\Python311\site-packages\django\db\backends\base\base.py:256: in connect
    self.connection = self.get_new_connection(conn_params)
                      ^^^^^^^^^^^^^^^^^^^^^^^^^^^^^^^^^^^^
..\..\..\..\AppData\Local\Packages\PythonSoftwareFoundation.Python.3.11_qbz5n2kfra8p0\LocalCache\local-packages\Python311\site-packages\django\utils\asyncio.py:26: in inner
    return func(*args, **kwargs)
           ^^^^^^^^^^^^^^^^^^^^^
..\..\..\..\AppData\Local\Packages\PythonSoftwareFoundation.Python.3.11_qbz5n2kfra8p0\LocalCache\local-packages\Python311\site-packages\django\db\backends\mysql\base.py:256: in get_new_connection
    connection = Database.connect(**conn_params)
                 ^^^^^^^^^^^^^^^^^^^^^^^^^^^^^^^
..\..\..\..\AppData\Local\Packages\PythonSoftwareFoundation.Python.3.11_qbz5n2kfra8p0\LocalCache\local-packages\Python311\site-packages\MySQLdb\__init__.py:121: in Connect
    return Connection(*args, **kwargs)
           ^^^^^^^^^^^^^^^^^^^^^^^^^^^
..\..\..\..\AppData\Local\Packages\PythonSoftwareFoundation.Python.3.11_qbz5n2kfra8p0\LocalCache\local-packages\Python311\site-packages\MySQLdb\connections.py:200: in __init__
    super().__init__(*args, **kwargs2)
E   MySQLdb.OperationalError: (2005, "Unknown server host 'db' (11001)")

The above exception was the direct cause of the following exception:
..\..\..\..\AppData\Local\Packages\PythonSoftwareFoundation.Python.3.11_qbz5n2kfra8p0\LocalCache\local-packages\Python311\site-packages\pytest_django\plugin.py:552: in _django_db_marker
    request.getfixturevalue("_django_db_helper")
..\..\..\..\AppData\Local\Packages\PythonSoftwareFoundation.Python.3.11_qbz5n2kfra8p0\LocalCache\local-packages\Python311\site-packages\pytest_django\fixtures.py:198: in django_db_setup
    db_cfg = setup_databases(
..\..\..\..\AppData\Local\Packages\PythonSoftwareFoundation.Python.3.11_qbz5n2kfra8p0\LocalCache\local-packages\Python311\site-packages\django\test\utils.py:204: in setup_databases
    connection.creation.create_test_db(
..\..\..\..\AppData\Local\Packages\PythonSoftwareFoundation.Python.3.11_qbz5n2kfra8p0\LocalCache\local-packages\Python311\site-packages\django\db\backends\base\creation.py:62: in create_test_db
    self._create_test_db(verbosity, autoclobber, keepdb)
..\..\..\..\AppData\Local\Packages\PythonSoftwareFoundation.Python.3.11_qbz5n2kfra8p0\LocalCache\local-packages\Python311\site-packages\django\db\backends\base\creation.py:202: in _create_test_db
    with self._nodb_cursor() as cursor:
C:\Program Files\WindowsApps\PythonSoftwareFoundation.Python.3.11_3.11.2544.0_x64__qbz5n2kfra8p0\Lib\contextlib.py:137: in __enter__
    return next(self.gen)
           ^^^^^^^^^^^^^^
..\..\..\..\AppData\Local\Packages\PythonSoftwareFoundation.Python.3.11_qbz5n2kfra8p0\LocalCache\local-packages\Python311\site-packages\django\db\backends\base\base.py:712: in _nodb_cursor
    with conn.cursor() as cursor:
         ^^^^^^^^^^^^^
..\..\..\..\AppData\Local\Packages\PythonSoftwareFoundation.Python.3.11_qbz5n2kfra8p0\LocalCache\local-packages\Python311\site-packages\django\utils\asyncio.py:26: in inner
    return func(*args, **kwargs)
           ^^^^^^^^^^^^^^^^^^^^^
..\..\..\..\AppData\Local\Packages\PythonSoftwareFoundation.Python.3.11_qbz5n2kfra8p0\LocalCache\local-packages\Python311\site-packages\django\db\backends\base\base.py:320: in cursor
    return self._cursor()
           ^^^^^^^^^^^^^^
..\..\..\..\AppData\Local\Packages\PythonSoftwareFoundation.Python.3.11_qbz5n2kfra8p0\LocalCache\local-packages\Python311\site-packages\django\db\backends\base\base.py:296: in _cursor
    self.ensure_connection()
..\..\..\..\AppData\Local\Packages\PythonSoftwareFoundation.Python.3.11_qbz5n2kfra8p0\LocalCache\local-packages\Python311\site-packages\django\utils\asyncio.py:26: in inner
    return func(*args, **kwargs)
           ^^^^^^^^^^^^^^^^^^^^^
..\..\..\..\AppData\Local\Packages\PythonSoftwareFoundation.Python.3.11_qbz5n2kfra8p0\LocalCache\local-packages\Python311\site-packages\django\db\backends\base\base.py:278: in ensure_connection
    with self.wrap_database_errors:
..\..\..\..\AppData\Local\Packages\PythonSoftwareFoundation.Python.3.11_qbz5n2kfra8p0\LocalCache\local-packages\Python311\site-packages\django\db\utils.py:91: in __exit__
    raise dj_exc_value.with_traceback(traceback) from exc_value
..\..\..\..\AppData\Local\Packages\PythonSoftwareFoundation.Python.3.11_qbz5n2kfra8p0\LocalCache\local-packages\Python311\site-packages\django\db\backends\base\base.py:279: in ensure_connection
    self.connect()
..\..\..\..\AppData\Local\Packages\PythonSoftwareFoundation.Python.3.11_qbz5n2kfra8p0\LocalCache\local-packages\Python311\site-packages\django\utils\asyncio.py:26: in inner
    return func(*args, **kwargs)
           ^^^^^^^^^^^^^^^^^^^^^
..\..\..\..\AppData\Local\Packages\PythonSoftwareFoundation.Python.3.11_qbz5n2kfra8p0\LocalCache\local-packages\Python311\site-packages\django\db\backends\base\base.py:256: in connect
    self.connection = self.get_new_connection(conn_params)
                      ^^^^^^^^^^^^^^^^^^^^^^^^^^^^^^^^^^^^
..\..\..\..\AppData\Local\Packages\PythonSoftwareFoundation.Python.3.11_qbz5n2kfra8p0\LocalCache\local-packages\Python311\site-packages\django\utils\asyncio.py:26: in inner
    return func(*args, **kwargs)
           ^^^^^^^^^^^^^^^^^^^^^
..\..\..\..\AppData\Local\Packages\PythonSoftwareFoundation.Python.3.11_qbz5n2kfra8p0\LocalCache\local-packages\Python311\site-packages\django\db\backends\mysql\base.py:256: in get_new_connection
    connection = Database.connect(**conn_params)
                 ^^^^^^^^^^^^^^^^^^^^^^^^^^^^^^^
..\..\..\..\AppData\Local\Packages\PythonSoftwareFoundation.Python.3.11_qbz5n2kfra8p0\LocalCache\local-packages\Python311\site-packages\MySQLdb\__init__.py:121: in Connect
    return Connection(*args, **kwargs)
           ^^^^^^^^^^^^^^^^^^^^^^^^^^^
..\..\..\..\AppData\Local\Packages\PythonSoftwareFoundation.Python.3.11_qbz5n2kfra8p0\LocalCache\local-packages\Python311\site-packages\MySQLdb\connections.py:200: in __init__
    super().__init__(*args, **kwargs2)
E   django.db.utils.OperationalError: (2005, "Unknown server host 'db' (11001)")
____________ ERROR at setup of TestTasks.test_manager_assign_task _____________
..\..\..\..\AppData\Local\Packages\PythonSoftwareFoundation.Python.3.11_qbz5n2kfra8p0\LocalCache\local-packages\Python311\site-packages\django\db\backends\base\base.py:279: in ensure_connection
    self.connect()
..\..\..\..\AppData\Local\Packages\PythonSoftwareFoundation.Python.3.11_qbz5n2kfra8p0\LocalCache\local-packages\Python311\site-packages\django\utils\asyncio.py:26: in inner
    return func(*args, **kwargs)
           ^^^^^^^^^^^^^^^^^^^^^
..\..\..\..\AppData\Local\Packages\PythonSoftwareFoundation.Python.3.11_qbz5n2kfra8p0\LocalCache\local-packages\Python311\site-packages\django\db\backends\base\base.py:256: in connect
    self.connection = self.get_new_connection(conn_params)
                      ^^^^^^^^^^^^^^^^^^^^^^^^^^^^^^^^^^^^
..\..\..\..\AppData\Local\Packages\PythonSoftwareFoundation.Python.3.11_qbz5n2kfra8p0\LocalCache\local-packages\Python311\site-packages\django\utils\asyncio.py:26: in inner
    return func(*args, **kwargs)
           ^^^^^^^^^^^^^^^^^^^^^
..\..\..\..\AppData\Local\Packages\PythonSoftwareFoundation.Python.3.11_qbz5n2kfra8p0\LocalCache\local-packages\Python311\site-packages\django\db\backends\mysql\base.py:256: in get_new_connection
    connection = Database.connect(**conn_params)
                 ^^^^^^^^^^^^^^^^^^^^^^^^^^^^^^^
..\..\..\..\AppData\Local\Packages\PythonSoftwareFoundation.Python.3.11_qbz5n2kfra8p0\LocalCache\local-packages\Python311\site-packages\MySQLdb\__init__.py:121: in Connect
    return Connection(*args, **kwargs)
           ^^^^^^^^^^^^^^^^^^^^^^^^^^^
..\..\..\..\AppData\Local\Packages\PythonSoftwareFoundation.Python.3.11_qbz5n2kfra8p0\LocalCache\local-packages\Python311\site-packages\MySQLdb\connections.py:200: in __init__
    super().__init__(*args, **kwargs2)
E   MySQLdb.OperationalError: (2005, "Unknown server host 'db' (11001)")

The above exception was the direct cause of the following exception:
..\..\..\..\AppData\Local\Packages\PythonSoftwareFoundation.Python.3.11_qbz5n2kfra8p0\LocalCache\local-packages\Python311\site-packages\pytest_django\plugin.py:552: in _django_db_marker
    request.getfixturevalue("_django_db_helper")
..\..\..\..\AppData\Local\Packages\PythonSoftwareFoundation.Python.3.11_qbz5n2kfra8p0\LocalCache\local-packages\Python311\site-packages\pytest_django\fixtures.py:198: in django_db_setup
    db_cfg = setup_databases(
..\..\..\..\AppData\Local\Packages\PythonSoftwareFoundation.Python.3.11_qbz5n2kfra8p0\LocalCache\local-packages\Python311\site-packages\django\test\utils.py:204: in setup_databases
    connection.creation.create_test_db(
..\..\..\..\AppData\Local\Packages\PythonSoftwareFoundation.Python.3.11_qbz5n2kfra8p0\LocalCache\local-packages\Python311\site-packages\django\db\backends\base\creation.py:62: in create_test_db
    self._create_test_db(verbosity, autoclobber, keepdb)
..\..\..\..\AppData\Local\Packages\PythonSoftwareFoundation.Python.3.11_qbz5n2kfra8p0\LocalCache\local-packages\Python311\site-packages\django\db\backends\base\creation.py:202: in _create_test_db
    with self._nodb_cursor() as cursor:
C:\Program Files\WindowsApps\PythonSoftwareFoundation.Python.3.11_3.11.2544.0_x64__qbz5n2kfra8p0\Lib\contextlib.py:137: in __enter__
    return next(self.gen)
           ^^^^^^^^^^^^^^
..\..\..\..\AppData\Local\Packages\PythonSoftwareFoundation.Python.3.11_qbz5n2kfra8p0\LocalCache\local-packages\Python311\site-packages\django\db\backends\base\base.py:712: in _nodb_cursor
    with conn.cursor() as cursor:
         ^^^^^^^^^^^^^
..\..\..\..\AppData\Local\Packages\PythonSoftwareFoundation.Python.3.11_qbz5n2kfra8p0\LocalCache\local-packages\Python311\site-packages\django\utils\asyncio.py:26: in inner
    return func(*args, **kwargs)
           ^^^^^^^^^^^^^^^^^^^^^
..\..\..\..\AppData\Local\Packages\PythonSoftwareFoundation.Python.3.11_qbz5n2kfra8p0\LocalCache\local-packages\Python311\site-packages\django\db\backends\base\base.py:320: in cursor
    return self._cursor()
           ^^^^^^^^^^^^^^
..\..\..\..\AppData\Local\Packages\PythonSoftwareFoundation.Python.3.11_qbz5n2kfra8p0\LocalCache\local-packages\Python311\site-packages\django\db\backends\base\base.py:296: in _cursor
    self.ensure_connection()
..\..\..\..\AppData\Local\Packages\PythonSoftwareFoundation.Python.3.11_qbz5n2kfra8p0\LocalCache\local-packages\Python311\site-packages\django\utils\asyncio.py:26: in inner
    return func(*args, **kwargs)
           ^^^^^^^^^^^^^^^^^^^^^
..\..\..\..\AppData\Local\Packages\PythonSoftwareFoundation.Python.3.11_qbz5n2kfra8p0\LocalCache\local-packages\Python311\site-packages\django\db\backends\base\base.py:278: in ensure_connection
    with self.wrap_database_errors:
..\..\..\..\AppData\Local\Packages\PythonSoftwareFoundation.Python.3.11_qbz5n2kfra8p0\LocalCache\local-packages\Python311\site-packages\django\db\utils.py:91: in __exit__
    raise dj_exc_value.with_traceback(traceback) from exc_value
..\..\..\..\AppData\Local\Packages\PythonSoftwareFoundation.Python.3.11_qbz5n2kfra8p0\LocalCache\local-packages\Python311\site-packages\django\db\backends\base\base.py:279: in ensure_connection
    self.connect()
..\..\..\..\AppData\Local\Packages\PythonSoftwareFoundation.Python.3.11_qbz5n2kfra8p0\LocalCache\local-packages\Python311\site-packages\django\utils\asyncio.py:26: in inner
    return func(*args, **kwargs)
           ^^^^^^^^^^^^^^^^^^^^^
..\..\..\..\AppData\Local\Packages\PythonSoftwareFoundation.Python.3.11_qbz5n2kfra8p0\LocalCache\local-packages\Python311\site-packages\django\db\backends\base\base.py:256: in connect
    self.connection = self.get_new_connection(conn_params)
                      ^^^^^^^^^^^^^^^^^^^^^^^^^^^^^^^^^^^^
..\..\..\..\AppData\Local\Packages\PythonSoftwareFoundation.Python.3.11_qbz5n2kfra8p0\LocalCache\local-packages\Python311\site-packages\django\utils\asyncio.py:26: in inner
    return func(*args, **kwargs)
           ^^^^^^^^^^^^^^^^^^^^^
..\..\..\..\AppData\Local\Packages\PythonSoftwareFoundation.Python.3.11_qbz5n2kfra8p0\LocalCache\local-packages\Python311\site-packages\django\db\backends\mysql\base.py:256: in get_new_connection
    connection = Database.connect(**conn_params)
                 ^^^^^^^^^^^^^^^^^^^^^^^^^^^^^^^
..\..\..\..\AppData\Local\Packages\PythonSoftwareFoundation.Python.3.11_qbz5n2kfra8p0\LocalCache\local-packages\Python311\site-packages\MySQLdb\__init__.py:121: in Connect
    return Connection(*args, **kwargs)
           ^^^^^^^^^^^^^^^^^^^^^^^^^^^
..\..\..\..\AppData\Local\Packages\PythonSoftwareFoundation.Python.3.11_qbz5n2kfra8p0\LocalCache\local-packages\Python311\site-packages\MySQLdb\connections.py:200: in __init__
    super().__init__(*args, **kwargs2)
E   django.db.utils.OperationalError: (2005, "Unknown server host 'db' (11001)")
_________________ ERROR at setup of TestTasks.test_list_tasks _________________
..\..\..\..\AppData\Local\Packages\PythonSoftwareFoundation.Python.3.11_qbz5n2kfra8p0\LocalCache\local-packages\Python311\site-packages\django\db\backends\base\base.py:279: in ensure_connection
    self.connect()
..\..\..\..\AppData\Local\Packages\PythonSoftwareFoundation.Python.3.11_qbz5n2kfra8p0\LocalCache\local-packages\Python311\site-packages\django\utils\asyncio.py:26: in inner
    return func(*args, **kwargs)
           ^^^^^^^^^^^^^^^^^^^^^
..\..\..\..\AppData\Local\Packages\PythonSoftwareFoundation.Python.3.11_qbz5n2kfra8p0\LocalCache\local-packages\Python311\site-packages\django\db\backends\base\base.py:256: in connect
    self.connection = self.get_new_connection(conn_params)
                      ^^^^^^^^^^^^^^^^^^^^^^^^^^^^^^^^^^^^
..\..\..\..\AppData\Local\Packages\PythonSoftwareFoundation.Python.3.11_qbz5n2kfra8p0\LocalCache\local-packages\Python311\site-packages\django\utils\asyncio.py:26: in inner
    return func(*args, **kwargs)
           ^^^^^^^^^^^^^^^^^^^^^
..\..\..\..\AppData\Local\Packages\PythonSoftwareFoundation.Python.3.11_qbz5n2kfra8p0\LocalCache\local-packages\Python311\site-packages\django\db\backends\mysql\base.py:256: in get_new_connection
    connection = Database.connect(**conn_params)
                 ^^^^^^^^^^^^^^^^^^^^^^^^^^^^^^^
..\..\..\..\AppData\Local\Packages\PythonSoftwareFoundation.Python.3.11_qbz5n2kfra8p0\LocalCache\local-packages\Python311\site-packages\MySQLdb\__init__.py:121: in Connect
    return Connection(*args, **kwargs)
           ^^^^^^^^^^^^^^^^^^^^^^^^^^^
..\..\..\..\AppData\Local\Packages\PythonSoftwareFoundation.Python.3.11_qbz5n2kfra8p0\LocalCache\local-packages\Python311\site-packages\MySQLdb\connections.py:200: in __init__
    super().__init__(*args, **kwargs2)
E   MySQLdb.OperationalError: (2005, "Unknown server host 'db' (11001)")

The above exception was the direct cause of the following exception:
..\..\..\..\AppData\Local\Packages\PythonSoftwareFoundation.Python.3.11_qbz5n2kfra8p0\LocalCache\local-packages\Python311\site-packages\pytest_django\plugin.py:552: in _django_db_marker
    request.getfixturevalue("_django_db_helper")
..\..\..\..\AppData\Local\Packages\PythonSoftwareFoundation.Python.3.11_qbz5n2kfra8p0\LocalCache\local-packages\Python311\site-packages\pytest_django\fixtures.py:198: in django_db_setup
    db_cfg = setup_databases(
..\..\..\..\AppData\Local\Packages\PythonSoftwareFoundation.Python.3.11_qbz5n2kfra8p0\LocalCache\local-packages\Python311\site-packages\django\test\utils.py:204: in setup_databases
    connection.creation.create_test_db(
..\..\..\..\AppData\Local\Packages\PythonSoftwareFoundation.Python.3.11_qbz5n2kfra8p0\LocalCache\local-packages\Python311\site-packages\django\db\backends\base\creation.py:62: in create_test_db
    self._create_test_db(verbosity, autoclobber, keepdb)
..\..\..\..\AppData\Local\Packages\PythonSoftwareFoundation.Python.3.11_qbz5n2kfra8p0\LocalCache\local-packages\Python311\site-packages\django\db\backends\base\creation.py:202: in _create_test_db
    with self._nodb_cursor() as cursor:
C:\Program Files\WindowsApps\PythonSoftwareFoundation.Python.3.11_3.11.2544.0_x64__qbz5n2kfra8p0\Lib\contextlib.py:137: in __enter__
    return next(self.gen)
           ^^^^^^^^^^^^^^
..\..\..\..\AppData\Local\Packages\PythonSoftwareFoundation.Python.3.11_qbz5n2kfra8p0\LocalCache\local-packages\Python311\site-packages\django\db\backends\base\base.py:712: in _nodb_cursor
    with conn.cursor() as cursor:
         ^^^^^^^^^^^^^
..\..\..\..\AppData\Local\Packages\PythonSoftwareFoundation.Python.3.11_qbz5n2kfra8p0\LocalCache\local-packages\Python311\site-packages\django\utils\asyncio.py:26: in inner
    return func(*args, **kwargs)
           ^^^^^^^^^^^^^^^^^^^^^
..\..\..\..\AppData\Local\Packages\PythonSoftwareFoundation.Python.3.11_qbz5n2kfra8p0\LocalCache\local-packages\Python311\site-packages\django\db\backends\base\base.py:320: in cursor
    return self._cursor()
           ^^^^^^^^^^^^^^
..\..\..\..\AppData\Local\Packages\PythonSoftwareFoundation.Python.3.11_qbz5n2kfra8p0\LocalCache\local-packages\Python311\site-packages\django\db\backends\base\base.py:296: in _cursor
    self.ensure_connection()
..\..\..\..\AppData\Local\Packages\PythonSoftwareFoundation.Python.3.11_qbz5n2kfra8p0\LocalCache\local-packages\Python311\site-packages\django\utils\asyncio.py:26: in inner
    return func(*args, **kwargs)
           ^^^^^^^^^^^^^^^^^^^^^
..\..\..\..\AppData\Local\Packages\PythonSoftwareFoundation.Python.3.11_qbz5n2kfra8p0\LocalCache\local-packages\Python311\site-packages\django\db\backends\base\base.py:278: in ensure_connection
    with self.wrap_database_errors:
..\..\..\..\AppData\Local\Packages\PythonSoftwareFoundation.Python.3.11_qbz5n2kfra8p0\LocalCache\local-packages\Python311\site-packages\django\db\utils.py:91: in __exit__
    raise dj_exc_value.with_traceback(traceback) from exc_value
..\..\..\..\AppData\Local\Packages\PythonSoftwareFoundation.Python.3.11_qbz5n2kfra8p0\LocalCache\local-packages\Python311\site-packages\django\db\backends\base\base.py:279: in ensure_connection
    self.connect()
..\..\..\..\AppData\Local\Packages\PythonSoftwareFoundation.Python.3.11_qbz5n2kfra8p0\LocalCache\local-packages\Python311\site-packages\django\utils\asyncio.py:26: in inner
    return func(*args, **kwargs)
           ^^^^^^^^^^^^^^^^^^^^^
..\..\..\..\AppData\Local\Packages\PythonSoftwareFoundation.Python.3.11_qbz5n2kfra8p0\LocalCache\local-packages\Python311\site-packages\django\db\backends\base\base.py:256: in connect
    self.connection = self.get_new_connection(conn_params)
                      ^^^^^^^^^^^^^^^^^^^^^^^^^^^^^^^^^^^^
..\..\..\..\AppData\Local\Packages\PythonSoftwareFoundation.Python.3.11_qbz5n2kfra8p0\LocalCache\local-packages\Python311\site-packages\django\utils\asyncio.py:26: in inner
    return func(*args, **kwargs)
           ^^^^^^^^^^^^^^^^^^^^^
..\..\..\..\AppData\Local\Packages\PythonSoftwareFoundation.Python.3.11_qbz5n2kfra8p0\LocalCache\local-packages\Python311\site-packages\django\db\backends\mysql\base.py:256: in get_new_connection
    connection = Database.connect(**conn_params)
                 ^^^^^^^^^^^^^^^^^^^^^^^^^^^^^^^
..\..\..\..\AppData\Local\Packages\PythonSoftwareFoundation.Python.3.11_qbz5n2kfra8p0\LocalCache\local-packages\Python311\site-packages\MySQLdb\__init__.py:121: in Connect
    return Connection(*args, **kwargs)
           ^^^^^^^^^^^^^^^^^^^^^^^^^^^
..\..\..\..\AppData\Local\Packages\PythonSoftwareFoundation.Python.3.11_qbz5n2kfra8p0\LocalCache\local-packages\Python311\site-packages\MySQLdb\connections.py:200: in __init__
    super().__init__(*args, **kwargs2)
E   django.db.utils.OperationalError: (2005, "Unknown server host 'db' (11001)")
_______ ERROR at setup of TestTeam.test_manager_access_denied_for_user ________
..\..\..\..\AppData\Local\Packages\PythonSoftwareFoundation.Python.3.11_qbz5n2kfra8p0\LocalCache\local-packages\Python311\site-packages\django\db\backends\base\base.py:279: in ensure_connection
    self.connect()
..\..\..\..\AppData\Local\Packages\PythonSoftwareFoundation.Python.3.11_qbz5n2kfra8p0\LocalCache\local-packages\Python311\site-packages\django\utils\asyncio.py:26: in inner
    return func(*args, **kwargs)
           ^^^^^^^^^^^^^^^^^^^^^
..\..\..\..\AppData\Local\Packages\PythonSoftwareFoundation.Python.3.11_qbz5n2kfra8p0\LocalCache\local-packages\Python311\site-packages\django\db\backends\base\base.py:256: in connect
    self.connection = self.get_new_connection(conn_params)
                      ^^^^^^^^^^^^^^^^^^^^^^^^^^^^^^^^^^^^
..\..\..\..\AppData\Local\Packages\PythonSoftwareFoundation.Python.3.11_qbz5n2kfra8p0\LocalCache\local-packages\Python311\site-packages\django\utils\asyncio.py:26: in inner
    return func(*args, **kwargs)
           ^^^^^^^^^^^^^^^^^^^^^
..\..\..\..\AppData\Local\Packages\PythonSoftwareFoundation.Python.3.11_qbz5n2kfra8p0\LocalCache\local-packages\Python311\site-packages\django\db\backends\mysql\base.py:256: in get_new_connection
    connection = Database.connect(**conn_params)
                 ^^^^^^^^^^^^^^^^^^^^^^^^^^^^^^^
..\..\..\..\AppData\Local\Packages\PythonSoftwareFoundation.Python.3.11_qbz5n2kfra8p0\LocalCache\local-packages\Python311\site-packages\MySQLdb\__init__.py:121: in Connect
    return Connection(*args, **kwargs)
           ^^^^^^^^^^^^^^^^^^^^^^^^^^^
..\..\..\..\AppData\Local\Packages\PythonSoftwareFoundation.Python.3.11_qbz5n2kfra8p0\LocalCache\local-packages\Python311\site-packages\MySQLdb\connections.py:200: in __init__
    super().__init__(*args, **kwargs2)
E   MySQLdb.OperationalError: (2005, "Unknown server host 'db' (11001)")

The above exception was the direct cause of the following exception:
..\..\..\..\AppData\Local\Packages\PythonSoftwareFoundation.Python.3.11_qbz5n2kfra8p0\LocalCache\local-packages\Python311\site-packages\pytest_django\plugin.py:552: in _django_db_marker
    request.getfixturevalue("_django_db_helper")
..\..\..\..\AppData\Local\Packages\PythonSoftwareFoundation.Python.3.11_qbz5n2kfra8p0\LocalCache\local-packages\Python311\site-packages\pytest_django\fixtures.py:198: in django_db_setup
    db_cfg = setup_databases(
..\..\..\..\AppData\Local\Packages\PythonSoftwareFoundation.Python.3.11_qbz5n2kfra8p0\LocalCache\local-packages\Python311\site-packages\django\test\utils.py:204: in setup_databases
    connection.creation.create_test_db(
..\..\..\..\AppData\Local\Packages\PythonSoftwareFoundation.Python.3.11_qbz5n2kfra8p0\LocalCache\local-packages\Python311\site-packages\django\db\backends\base\creation.py:62: in create_test_db
    self._create_test_db(verbosity, autoclobber, keepdb)
..\..\..\..\AppData\Local\Packages\PythonSoftwareFoundation.Python.3.11_qbz5n2kfra8p0\LocalCache\local-packages\Python311\site-packages\django\db\backends\base\creation.py:202: in _create_test_db
    with self._nodb_cursor() as cursor:
C:\Program Files\WindowsApps\PythonSoftwareFoundation.Python.3.11_3.11.2544.0_x64__qbz5n2kfra8p0\Lib\contextlib.py:137: in __enter__
    return next(self.gen)
           ^^^^^^^^^^^^^^
..\..\..\..\AppData\Local\Packages\PythonSoftwareFoundation.Python.3.11_qbz5n2kfra8p0\LocalCache\local-packages\Python311\site-packages\django\db\backends\base\base.py:712: in _nodb_cursor
    with conn.cursor() as cursor:
         ^^^^^^^^^^^^^
..\..\..\..\AppData\Local\Packages\PythonSoftwareFoundation.Python.3.11_qbz5n2kfra8p0\LocalCache\local-packages\Python311\site-packages\django\utils\asyncio.py:26: in inner
    return func(*args, **kwargs)
           ^^^^^^^^^^^^^^^^^^^^^
..\..\..\..\AppData\Local\Packages\PythonSoftwareFoundation.Python.3.11_qbz5n2kfra8p0\LocalCache\local-packages\Python311\site-packages\django\db\backends\base\base.py:320: in cursor
    return self._cursor()
           ^^^^^^^^^^^^^^
..\..\..\..\AppData\Local\Packages\PythonSoftwareFoundation.Python.3.11_qbz5n2kfra8p0\LocalCache\local-packages\Python311\site-packages\django\db\backends\base\base.py:296: in _cursor
    self.ensure_connection()
..\..\..\..\AppData\Local\Packages\PythonSoftwareFoundation.Python.3.11_qbz5n2kfra8p0\LocalCache\local-packages\Python311\site-packages\django\utils\asyncio.py:26: in inner
    return func(*args, **kwargs)
           ^^^^^^^^^^^^^^^^^^^^^
..\..\..\..\AppData\Local\Packages\PythonSoftwareFoundation.Python.3.11_qbz5n2kfra8p0\LocalCache\local-packages\Python311\site-packages\django\db\backends\base\base.py:278: in ensure_connection
    with self.wrap_database_errors:
..\..\..\..\AppData\Local\Packages\PythonSoftwareFoundation.Python.3.11_qbz5n2kfra8p0\LocalCache\local-packages\Python311\site-packages\django\db\utils.py:91: in __exit__
    raise dj_exc_value.with_traceback(traceback) from exc_value
..\..\..\..\AppData\Local\Packages\PythonSoftwareFoundation.Python.3.11_qbz5n2kfra8p0\LocalCache\local-packages\Python311\site-packages\django\db\backends\base\base.py:279: in ensure_connection
    self.connect()
..\..\..\..\AppData\Local\Packages\PythonSoftwareFoundation.Python.3.11_qbz5n2kfra8p0\LocalCache\local-packages\Python311\site-packages\django\utils\asyncio.py:26: in inner
    return func(*args, **kwargs)
           ^^^^^^^^^^^^^^^^^^^^^
..\..\..\..\AppData\Local\Packages\PythonSoftwareFoundation.Python.3.11_qbz5n2kfra8p0\LocalCache\local-packages\Python311\site-packages\django\db\backends\base\base.py:256: in connect
    self.connection = self.get_new_connection(conn_params)
                      ^^^^^^^^^^^^^^^^^^^^^^^^^^^^^^^^^^^^
..\..\..\..\AppData\Local\Packages\PythonSoftwareFoundation.Python.3.11_qbz5n2kfra8p0\LocalCache\local-packages\Python311\site-packages\django\utils\asyncio.py:26: in inner
    return func(*args, **kwargs)
           ^^^^^^^^^^^^^^^^^^^^^
..\..\..\..\AppData\Local\Packages\PythonSoftwareFoundation.Python.3.11_qbz5n2kfra8p0\LocalCache\local-packages\Python311\site-packages\django\db\backends\mysql\base.py:256: in get_new_connection
    connection = Database.connect(**conn_params)
                 ^^^^^^^^^^^^^^^^^^^^^^^^^^^^^^^
..\..\..\..\AppData\Local\Packages\PythonSoftwareFoundation.Python.3.11_qbz5n2kfra8p0\LocalCache\local-packages\Python311\site-packages\MySQLdb\__init__.py:121: in Connect
    return Connection(*args, **kwargs)
           ^^^^^^^^^^^^^^^^^^^^^^^^^^^
..\..\..\..\AppData\Local\Packages\PythonSoftwareFoundation.Python.3.11_qbz5n2kfra8p0\LocalCache\local-packages\Python311\site-packages\MySQLdb\connections.py:200: in __init__
    super().__init__(*args, **kwargs2)
E   django.db.utils.OperationalError: (2005, "Unknown server host 'db' (11001)")
____________ ERROR at setup of TestTeam.test_manager_can_list_team ____________
..\..\..\..\AppData\Local\Packages\PythonSoftwareFoundation.Python.3.11_qbz5n2kfra8p0\LocalCache\local-packages\Python311\site-packages\django\db\backends\base\base.py:279: in ensure_connection
    self.connect()
..\..\..\..\AppData\Local\Packages\PythonSoftwareFoundation.Python.3.11_qbz5n2kfra8p0\LocalCache\local-packages\Python311\site-packages\django\utils\asyncio.py:26: in inner
    return func(*args, **kwargs)
           ^^^^^^^^^^^^^^^^^^^^^
..\..\..\..\AppData\Local\Packages\PythonSoftwareFoundation.Python.3.11_qbz5n2kfra8p0\LocalCache\local-packages\Python311\site-packages\django\db\backends\base\base.py:256: in connect
    self.connection = self.get_new_connection(conn_params)
                      ^^^^^^^^^^^^^^^^^^^^^^^^^^^^^^^^^^^^
..\..\..\..\AppData\Local\Packages\PythonSoftwareFoundation.Python.3.11_qbz5n2kfra8p0\LocalCache\local-packages\Python311\site-packages\django\utils\asyncio.py:26: in inner
    return func(*args, **kwargs)
           ^^^^^^^^^^^^^^^^^^^^^
..\..\..\..\AppData\Local\Packages\PythonSoftwareFoundation.Python.3.11_qbz5n2kfra8p0\LocalCache\local-packages\Python311\site-packages\django\db\backends\mysql\base.py:256: in get_new_connection
    connection = Database.connect(**conn_params)
                 ^^^^^^^^^^^^^^^^^^^^^^^^^^^^^^^
..\..\..\..\AppData\Local\Packages\PythonSoftwareFoundation.Python.3.11_qbz5n2kfra8p0\LocalCache\local-packages\Python311\site-packages\MySQLdb\__init__.py:121: in Connect
    return Connection(*args, **kwargs)
           ^^^^^^^^^^^^^^^^^^^^^^^^^^^
..\..\..\..\AppData\Local\Packages\PythonSoftwareFoundation.Python.3.11_qbz5n2kfra8p0\LocalCache\local-packages\Python311\site-packages\MySQLdb\connections.py:200: in __init__
    super().__init__(*args, **kwargs2)
E   MySQLdb.OperationalError: (2005, "Unknown server host 'db' (11001)")

The above exception was the direct cause of the following exception:
..\..\..\..\AppData\Local\Packages\PythonSoftwareFoundation.Python.3.11_qbz5n2kfra8p0\LocalCache\local-packages\Python311\site-packages\pytest_django\plugin.py:552: in _django_db_marker
    request.getfixturevalue("_django_db_helper")
..\..\..\..\AppData\Local\Packages\PythonSoftwareFoundation.Python.3.11_qbz5n2kfra8p0\LocalCache\local-packages\Python311\site-packages\pytest_django\fixtures.py:198: in django_db_setup
    db_cfg = setup_databases(
..\..\..\..\AppData\Local\Packages\PythonSoftwareFoundation.Python.3.11_qbz5n2kfra8p0\LocalCache\local-packages\Python311\site-packages\django\test\utils.py:204: in setup_databases
    connection.creation.create_test_db(
..\..\..\..\AppData\Local\Packages\PythonSoftwareFoundation.Python.3.11_qbz5n2kfra8p0\LocalCache\local-packages\Python311\site-packages\django\db\backends\base\creation.py:62: in create_test_db
    self._create_test_db(verbosity, autoclobber, keepdb)
..\..\..\..\AppData\Local\Packages\PythonSoftwareFoundation.Python.3.11_qbz5n2kfra8p0\LocalCache\local-packages\Python311\site-packages\django\db\backends\base\creation.py:202: in _create_test_db
    with self._nodb_cursor() as cursor:
C:\Program Files\WindowsApps\PythonSoftwareFoundation.Python.3.11_3.11.2544.0_x64__qbz5n2kfra8p0\Lib\contextlib.py:137: in __enter__
    return next(self.gen)
           ^^^^^^^^^^^^^^
..\..\..\..\AppData\Local\Packages\PythonSoftwareFoundation.Python.3.11_qbz5n2kfra8p0\LocalCache\local-packages\Python311\site-packages\django\db\backends\base\base.py:712: in _nodb_cursor
    with conn.cursor() as cursor:
         ^^^^^^^^^^^^^
..\..\..\..\AppData\Local\Packages\PythonSoftwareFoundation.Python.3.11_qbz5n2kfra8p0\LocalCache\local-packages\Python311\site-packages\django\utils\asyncio.py:26: in inner
    return func(*args, **kwargs)
           ^^^^^^^^^^^^^^^^^^^^^
..\..\..\..\AppData\Local\Packages\PythonSoftwareFoundation.Python.3.11_qbz5n2kfra8p0\LocalCache\local-packages\Python311\site-packages\django\db\backends\base\base.py:320: in cursor
    return self._cursor()
           ^^^^^^^^^^^^^^
..\..\..\..\AppData\Local\Packages\PythonSoftwareFoundation.Python.3.11_qbz5n2kfra8p0\LocalCache\local-packages\Python311\site-packages\django\db\backends\base\base.py:296: in _cursor
    self.ensure_connection()
..\..\..\..\AppData\Local\Packages\PythonSoftwareFoundation.Python.3.11_qbz5n2kfra8p0\LocalCache\local-packages\Python311\site-packages\django\utils\asyncio.py:26: in inner
    return func(*args, **kwargs)
           ^^^^^^^^^^^^^^^^^^^^^
..\..\..\..\AppData\Local\Packages\PythonSoftwareFoundation.Python.3.11_qbz5n2kfra8p0\LocalCache\local-packages\Python311\site-packages\django\db\backends\base\base.py:278: in ensure_connection
    with self.wrap_database_errors:
..\..\..\..\AppData\Local\Packages\PythonSoftwareFoundation.Python.3.11_qbz5n2kfra8p0\LocalCache\local-packages\Python311\site-packages\django\db\utils.py:91: in __exit__
    raise dj_exc_value.with_traceback(traceback) from exc_value
..\..\..\..\AppData\Local\Packages\PythonSoftwareFoundation.Python.3.11_qbz5n2kfra8p0\LocalCache\local-packages\Python311\site-packages\django\db\backends\base\base.py:279: in ensure_connection
    self.connect()
..\..\..\..\AppData\Local\Packages\PythonSoftwareFoundation.Python.3.11_qbz5n2kfra8p0\LocalCache\local-packages\Python311\site-packages\django\utils\asyncio.py:26: in inner
    return func(*args, **kwargs)
           ^^^^^^^^^^^^^^^^^^^^^
..\..\..\..\AppData\Local\Packages\PythonSoftwareFoundation.Python.3.11_qbz5n2kfra8p0\LocalCache\local-packages\Python311\site-packages\django\db\backends\base\base.py:256: in connect
    self.connection = self.get_new_connection(conn_params)
                      ^^^^^^^^^^^^^^^^^^^^^^^^^^^^^^^^^^^^
..\..\..\..\AppData\Local\Packages\PythonSoftwareFoundation.Python.3.11_qbz5n2kfra8p0\LocalCache\local-packages\Python311\site-packages\django\utils\asyncio.py:26: in inner
    return func(*args, **kwargs)
           ^^^^^^^^^^^^^^^^^^^^^
..\..\..\..\AppData\Local\Packages\PythonSoftwareFoundation.Python.3.11_qbz5n2kfra8p0\LocalCache\local-packages\Python311\site-packages\django\db\backends\mysql\base.py:256: in get_new_connection
    connection = Database.connect(**conn_params)
                 ^^^^^^^^^^^^^^^^^^^^^^^^^^^^^^^
..\..\..\..\AppData\Local\Packages\PythonSoftwareFoundation.Python.3.11_qbz5n2kfra8p0\LocalCache\local-packages\Python311\site-packages\MySQLdb\__init__.py:121: in Connect
    return Connection(*args, **kwargs)
           ^^^^^^^^^^^^^^^^^^^^^^^^^^^
..\..\..\..\AppData\Local\Packages\PythonSoftwareFoundation.Python.3.11_qbz5n2kfra8p0\LocalCache\local-packages\Python311\site-packages\MySQLdb\connections.py:200: in __init__
    super().__init__(*args, **kwargs2)
E   django.db.utils.OperationalError: (2005, "Unknown server host 'db' (11001)")
_____________ ERROR at setup of TestTeam.test_assign_manager_self _____________
..\..\..\..\AppData\Local\Packages\PythonSoftwareFoundation.Python.3.11_qbz5n2kfra8p0\LocalCache\local-packages\Python311\site-packages\django\db\backends\base\base.py:279: in ensure_connection
    self.connect()
..\..\..\..\AppData\Local\Packages\PythonSoftwareFoundation.Python.3.11_qbz5n2kfra8p0\LocalCache\local-packages\Python311\site-packages\django\utils\asyncio.py:26: in inner
    return func(*args, **kwargs)
           ^^^^^^^^^^^^^^^^^^^^^
..\..\..\..\AppData\Local\Packages\PythonSoftwareFoundation.Python.3.11_qbz5n2kfra8p0\LocalCache\local-packages\Python311\site-packages\django\db\backends\base\base.py:256: in connect
    self.connection = self.get_new_connection(conn_params)
                      ^^^^^^^^^^^^^^^^^^^^^^^^^^^^^^^^^^^^
..\..\..\..\AppData\Local\Packages\PythonSoftwareFoundation.Python.3.11_qbz5n2kfra8p0\LocalCache\local-packages\Python311\site-packages\django\utils\asyncio.py:26: in inner
    return func(*args, **kwargs)
           ^^^^^^^^^^^^^^^^^^^^^
..\..\..\..\AppData\Local\Packages\PythonSoftwareFoundation.Python.3.11_qbz5n2kfra8p0\LocalCache\local-packages\Python311\site-packages\django\db\backends\mysql\base.py:256: in get_new_connection
    connection = Database.connect(**conn_params)
                 ^^^^^^^^^^^^^^^^^^^^^^^^^^^^^^^
..\..\..\..\AppData\Local\Packages\PythonSoftwareFoundation.Python.3.11_qbz5n2kfra8p0\LocalCache\local-packages\Python311\site-packages\MySQLdb\__init__.py:121: in Connect
    return Connection(*args, **kwargs)
           ^^^^^^^^^^^^^^^^^^^^^^^^^^^
..\..\..\..\AppData\Local\Packages\PythonSoftwareFoundation.Python.3.11_qbz5n2kfra8p0\LocalCache\local-packages\Python311\site-packages\MySQLdb\connections.py:200: in __init__
    super().__init__(*args, **kwargs2)
E   MySQLdb.OperationalError: (2005, "Unknown server host 'db' (11001)")

The above exception was the direct cause of the following exception:
..\..\..\..\AppData\Local\Packages\PythonSoftwareFoundation.Python.3.11_qbz5n2kfra8p0\LocalCache\local-packages\Python311\site-packages\pytest_django\plugin.py:552: in _django_db_marker
    request.getfixturevalue("_django_db_helper")
..\..\..\..\AppData\Local\Packages\PythonSoftwareFoundation.Python.3.11_qbz5n2kfra8p0\LocalCache\local-packages\Python311\site-packages\pytest_django\fixtures.py:198: in django_db_setup
    db_cfg = setup_databases(
..\..\..\..\AppData\Local\Packages\PythonSoftwareFoundation.Python.3.11_qbz5n2kfra8p0\LocalCache\local-packages\Python311\site-packages\django\test\utils.py:204: in setup_databases
    connection.creation.create_test_db(
..\..\..\..\AppData\Local\Packages\PythonSoftwareFoundation.Python.3.11_qbz5n2kfra8p0\LocalCache\local-packages\Python311\site-packages\django\db\backends\base\creation.py:62: in create_test_db
    self._create_test_db(verbosity, autoclobber, keepdb)
..\..\..\..\AppData\Local\Packages\PythonSoftwareFoundation.Python.3.11_qbz5n2kfra8p0\LocalCache\local-packages\Python311\site-packages\django\db\backends\base\creation.py:202: in _create_test_db
    with self._nodb_cursor() as cursor:
C:\Program Files\WindowsApps\PythonSoftwareFoundation.Python.3.11_3.11.2544.0_x64__qbz5n2kfra8p0\Lib\contextlib.py:137: in __enter__
    return next(self.gen)
           ^^^^^^^^^^^^^^
..\..\..\..\AppData\Local\Packages\PythonSoftwareFoundation.Python.3.11_qbz5n2kfra8p0\LocalCache\local-packages\Python311\site-packages\django\db\backends\base\base.py:712: in _nodb_cursor
    with conn.cursor() as cursor:
         ^^^^^^^^^^^^^
..\..\..\..\AppData\Local\Packages\PythonSoftwareFoundation.Python.3.11_qbz5n2kfra8p0\LocalCache\local-packages\Python311\site-packages\django\utils\asyncio.py:26: in inner
    return func(*args, **kwargs)
           ^^^^^^^^^^^^^^^^^^^^^
..\..\..\..\AppData\Local\Packages\PythonSoftwareFoundation.Python.3.11_qbz5n2kfra8p0\LocalCache\local-packages\Python311\site-packages\django\db\backends\base\base.py:320: in cursor
    return self._cursor()
           ^^^^^^^^^^^^^^
..\..\..\..\AppData\Local\Packages\PythonSoftwareFoundation.Python.3.11_qbz5n2kfra8p0\LocalCache\local-packages\Python311\site-packages\django\db\backends\base\base.py:296: in _cursor
    self.ensure_connection()
..\..\..\..\AppData\Local\Packages\PythonSoftwareFoundation.Python.3.11_qbz5n2kfra8p0\LocalCache\local-packages\Python311\site-packages\django\utils\asyncio.py:26: in inner
    return func(*args, **kwargs)
           ^^^^^^^^^^^^^^^^^^^^^
..\..\..\..\AppData\Local\Packages\PythonSoftwareFoundation.Python.3.11_qbz5n2kfra8p0\LocalCache\local-packages\Python311\site-packages\django\db\backends\base\base.py:278: in ensure_connection
    with self.wrap_database_errors:
..\..\..\..\AppData\Local\Packages\PythonSoftwareFoundation.Python.3.11_qbz5n2kfra8p0\LocalCache\local-packages\Python311\site-packages\django\db\utils.py:91: in __exit__
    raise dj_exc_value.with_traceback(traceback) from exc_value
..\..\..\..\AppData\Local\Packages\PythonSoftwareFoundation.Python.3.11_qbz5n2kfra8p0\LocalCache\local-packages\Python311\site-packages\django\db\backends\base\base.py:279: in ensure_connection
    self.connect()
..\..\..\..\AppData\Local\Packages\PythonSoftwareFoundation.Python.3.11_qbz5n2kfra8p0\LocalCache\local-packages\Python311\site-packages\django\utils\asyncio.py:26: in inner
    return func(*args, **kwargs)
           ^^^^^^^^^^^^^^^^^^^^^
..\..\..\..\AppData\Local\Packages\PythonSoftwareFoundation.Python.3.11_qbz5n2kfra8p0\LocalCache\local-packages\Python311\site-packages\django\db\backends\base\base.py:256: in connect
    self.connection = self.get_new_connection(conn_params)
                      ^^^^^^^^^^^^^^^^^^^^^^^^^^^^^^^^^^^^
..\..\..\..\AppData\Local\Packages\PythonSoftwareFoundation.Python.3.11_qbz5n2kfra8p0\LocalCache\local-packages\Python311\site-packages\django\utils\asyncio.py:26: in inner
    return func(*args, **kwargs)
           ^^^^^^^^^^^^^^^^^^^^^
..\..\..\..\AppData\Local\Packages\PythonSoftwareFoundation.Python.3.11_qbz5n2kfra8p0\LocalCache\local-packages\Python311\site-packages\django\db\backends\mysql\base.py:256: in get_new_connection
    connection = Database.connect(**conn_params)
                 ^^^^^^^^^^^^^^^^^^^^^^^^^^^^^^^
..\..\..\..\AppData\Local\Packages\PythonSoftwareFoundation.Python.3.11_qbz5n2kfra8p0\LocalCache\local-packages\Python311\site-packages\MySQLdb\__init__.py:121: in Connect
    return Connection(*args, **kwargs)
           ^^^^^^^^^^^^^^^^^^^^^^^^^^^
..\..\..\..\AppData\Local\Packages\PythonSoftwareFoundation.Python.3.11_qbz5n2kfra8p0\LocalCache\local-packages\Python311\site-packages\MySQLdb\connections.py:200: in __init__
    super().__init__(*args, **kwargs2)
E   django.db.utils.OperationalError: (2005, "Unknown server host 'db' (11001)")
_________________ ERROR at setup of TestTeam.test_set_status __________________
..\..\..\..\AppData\Local\Packages\PythonSoftwareFoundation.Python.3.11_qbz5n2kfra8p0\LocalCache\local-packages\Python311\site-packages\django\db\backends\base\base.py:279: in ensure_connection
    self.connect()
..\..\..\..\AppData\Local\Packages\PythonSoftwareFoundation.Python.3.11_qbz5n2kfra8p0\LocalCache\local-packages\Python311\site-packages\django\utils\asyncio.py:26: in inner
    return func(*args, **kwargs)
           ^^^^^^^^^^^^^^^^^^^^^
..\..\..\..\AppData\Local\Packages\PythonSoftwareFoundation.Python.3.11_qbz5n2kfra8p0\LocalCache\local-packages\Python311\site-packages\django\db\backends\base\base.py:256: in connect
    self.connection = self.get_new_connection(conn_params)
                      ^^^^^^^^^^^^^^^^^^^^^^^^^^^^^^^^^^^^
..\..\..\..\AppData\Local\Packages\PythonSoftwareFoundation.Python.3.11_qbz5n2kfra8p0\LocalCache\local-packages\Python311\site-packages\django\utils\asyncio.py:26: in inner
    return func(*args, **kwargs)
           ^^^^^^^^^^^^^^^^^^^^^
..\..\..\..\AppData\Local\Packages\PythonSoftwareFoundation.Python.3.11_qbz5n2kfra8p0\LocalCache\local-packages\Python311\site-packages\django\db\backends\mysql\base.py:256: in get_new_connection
    connection = Database.connect(**conn_params)
                 ^^^^^^^^^^^^^^^^^^^^^^^^^^^^^^^
..\..\..\..\AppData\Local\Packages\PythonSoftwareFoundation.Python.3.11_qbz5n2kfra8p0\LocalCache\local-packages\Python311\site-packages\MySQLdb\__init__.py:121: in Connect
    return Connection(*args, **kwargs)
           ^^^^^^^^^^^^^^^^^^^^^^^^^^^
..\..\..\..\AppData\Local\Packages\PythonSoftwareFoundation.Python.3.11_qbz5n2kfra8p0\LocalCache\local-packages\Python311\site-packages\MySQLdb\connections.py:200: in __init__
    super().__init__(*args, **kwargs2)
E   MySQLdb.OperationalError: (2005, "Unknown server host 'db' (11001)")

The above exception was the direct cause of the following exception:
..\..\..\..\AppData\Local\Packages\PythonSoftwareFoundation.Python.3.11_qbz5n2kfra8p0\LocalCache\local-packages\Python311\site-packages\pytest_django\plugin.py:552: in _django_db_marker
    request.getfixturevalue("_django_db_helper")
..\..\..\..\AppData\Local\Packages\PythonSoftwareFoundation.Python.3.11_qbz5n2kfra8p0\LocalCache\local-packages\Python311\site-packages\pytest_django\fixtures.py:198: in django_db_setup
    db_cfg = setup_databases(
..\..\..\..\AppData\Local\Packages\PythonSoftwareFoundation.Python.3.11_qbz5n2kfra8p0\LocalCache\local-packages\Python311\site-packages\django\test\utils.py:204: in setup_databases
    connection.creation.create_test_db(
..\..\..\..\AppData\Local\Packages\PythonSoftwareFoundation.Python.3.11_qbz5n2kfra8p0\LocalCache\local-packages\Python311\site-packages\django\db\backends\base\creation.py:62: in create_test_db
    self._create_test_db(verbosity, autoclobber, keepdb)
..\..\..\..\AppData\Local\Packages\PythonSoftwareFoundation.Python.3.11_qbz5n2kfra8p0\LocalCache\local-packages\Python311\site-packages\django\db\backends\base\creation.py:202: in _create_test_db
    with self._nodb_cursor() as cursor:
C:\Program Files\WindowsApps\PythonSoftwareFoundation.Python.3.11_3.11.2544.0_x64__qbz5n2kfra8p0\Lib\contextlib.py:137: in __enter__
    return next(self.gen)
           ^^^^^^^^^^^^^^
..\..\..\..\AppData\Local\Packages\PythonSoftwareFoundation.Python.3.11_qbz5n2kfra8p0\LocalCache\local-packages\Python311\site-packages\django\db\backends\base\base.py:712: in _nodb_cursor
    with conn.cursor() as cursor:
         ^^^^^^^^^^^^^
..\..\..\..\AppData\Local\Packages\PythonSoftwareFoundation.Python.3.11_qbz5n2kfra8p0\LocalCache\local-packages\Python311\site-packages\django\utils\asyncio.py:26: in inner
    return func(*args, **kwargs)
           ^^^^^^^^^^^^^^^^^^^^^
..\..\..\..\AppData\Local\Packages\PythonSoftwareFoundation.Python.3.11_qbz5n2kfra8p0\LocalCache\local-packages\Python311\site-packages\django\db\backends\base\base.py:320: in cursor
    return self._cursor()
           ^^^^^^^^^^^^^^
..\..\..\..\AppData\Local\Packages\PythonSoftwareFoundation.Python.3.11_qbz5n2kfra8p0\LocalCache\local-packages\Python311\site-packages\django\db\backends\base\base.py:296: in _cursor
    self.ensure_connection()
..\..\..\..\AppData\Local\Packages\PythonSoftwareFoundation.Python.3.11_qbz5n2kfra8p0\LocalCache\local-packages\Python311\site-packages\django\utils\asyncio.py:26: in inner
    return func(*args, **kwargs)
           ^^^^^^^^^^^^^^^^^^^^^
..\..\..\..\AppData\Local\Packages\PythonSoftwareFoundation.Python.3.11_qbz5n2kfra8p0\LocalCache\local-packages\Python311\site-packages\django\db\backends\base\base.py:278: in ensure_connection
    with self.wrap_database_errors:
..\..\..\..\AppData\Local\Packages\PythonSoftwareFoundation.Python.3.11_qbz5n2kfra8p0\LocalCache\local-packages\Python311\site-packages\django\db\utils.py:91: in __exit__
    raise dj_exc_value.with_traceback(traceback) from exc_value
..\..\..\..\AppData\Local\Packages\PythonSoftwareFoundation.Python.3.11_qbz5n2kfra8p0\LocalCache\local-packages\Python311\site-packages\django\db\backends\base\base.py:279: in ensure_connection
    self.connect()
..\..\..\..\AppData\Local\Packages\PythonSoftwareFoundation.Python.3.11_qbz5n2kfra8p0\LocalCache\local-packages\Python311\site-packages\django\utils\asyncio.py:26: in inner
    return func(*args, **kwargs)
           ^^^^^^^^^^^^^^^^^^^^^
..\..\..\..\AppData\Local\Packages\PythonSoftwareFoundation.Python.3.11_qbz5n2kfra8p0\LocalCache\local-packages\Python311\site-packages\django\db\backends\base\base.py:256: in connect
    self.connection = self.get_new_connection(conn_params)
                      ^^^^^^^^^^^^^^^^^^^^^^^^^^^^^^^^^^^^
..\..\..\..\AppData\Local\Packages\PythonSoftwareFoundation.Python.3.11_qbz5n2kfra8p0\LocalCache\local-packages\Python311\site-packages\django\utils\asyncio.py:26: in inner
    return func(*args, **kwargs)
           ^^^^^^^^^^^^^^^^^^^^^
..\..\..\..\AppData\Local\Packages\PythonSoftwareFoundation.Python.3.11_qbz5n2kfra8p0\LocalCache\local-packages\Python311\site-packages\django\db\backends\mysql\base.py:256: in get_new_connection
    connection = Database.connect(**conn_params)
                 ^^^^^^^^^^^^^^^^^^^^^^^^^^^^^^^
..\..\..\..\AppData\Local\Packages\PythonSoftwareFoundation.Python.3.11_qbz5n2kfra8p0\LocalCache\local-packages\Python311\site-packages\MySQLdb\__init__.py:121: in Connect
    return Connection(*args, **kwargs)
           ^^^^^^^^^^^^^^^^^^^^^^^^^^^
..\..\..\..\AppData\Local\Packages\PythonSoftwareFoundation.Python.3.11_qbz5n2kfra8p0\LocalCache\local-packages\Python311\site-packages\MySQLdb\connections.py:200: in __init__
    super().__init__(*args, **kwargs2)
E   django.db.utils.OperationalError: (2005, "Unknown server host 'db' (11001)")
=========================== short test summary info ===========================
ERROR users/tests/test_auth.py::TestAuth::test_register_user - django.db.utils.OperationalError: (2005, "Unknown server host 'db' (11001)")
ERROR users/tests/test_auth.py::TestAuth::test_register_duplicate_email - django.db.utils.OperationalError: (2005, "Unknown server host 'db' (11001)")
ERROR users/tests/test_auth.py::TestAuth::test_login_success - django.db.utils.OperationalError: (2005, "Unknown server host 'db' (11001)")
ERROR users/tests/test_auth.py::TestAuth::test_login_invalid_credentials - django.db.utils.OperationalError: (2005, "Unknown server host 'db' (11001)")
ERROR users/tests/test_auth.py::TestAuth::test_change_password - django.db.utils.OperationalError: (2005, "Unknown server host 'db' (11001)")
ERROR users/tests/test_auth.py::TestAuth::test_delete_account - django.db.utils.OperationalError: (2005, "Unknown server host 'db' (11001)")
ERROR users/tests/test_clock.py::TestClock::test_clock_in - django.db.utils.OperationalError: (2005, "Unknown server host 'db' (11001)")
ERROR users/tests/test_clock.py::TestClock::test_clock_in_twice_fails - django.db.utils.OperationalError: (2005, "Unknown server host 'db' (11001)")
ERROR users/tests/test_clock.py::TestClock::test_clock_out - django.db.utils.OperationalError: (2005, "Unknown server host 'db' (11001)")
ERROR users/tests/test_clock.py::TestClock::test_clock_out_without_clock_in - django.db.utils.OperationalError: (2005, "Unknown server host 'db' (11001)")
ERROR users/tests/test_clock.py::TestClock::test_list_time_entries - django.db.utils.OperationalError: (2005, "Unknown server host 'db' (11001)")
ERROR users/tests/test_tasks.py::TestTasks::test_create_task_self - django.db.utils.OperationalError: (2005, "Unknown server host 'db' (11001)")
ERROR users/tests/test_tasks.py::TestTasks::test_manager_assign_task - django.db.utils.OperationalError: (2005, "Unknown server host 'db' (11001)")
ERROR users/tests/test_tasks.py::TestTasks::test_list_tasks - django.db.utils.OperationalError: (2005, "Unknown server host 'db' (11001)")
ERROR users/tests/test_team.py::TestTeam::test_manager_access_denied_for_user - django.db.utils.OperationalError: (2005, "Unknown server host 'db' (11001)")
ERROR users/tests/test_team.py::TestTeam::test_manager_can_list_team - django.db.utils.OperationalError: (2005, "Unknown server host 'db' (11001)")
ERROR users/tests/test_team.py::TestTeam::test_assign_manager_self - django.db.utils.OperationalError: (2005, "Unknown server host 'db' (11001)")
ERROR users/tests/test_team.py::TestTeam::test_set_status - django.db.utils.OperationalError: (2005, "Unknown server host 'db' (11001)")
============================= 18 errors in 4.13s ==============================
